Product: MDK-ARM Standard 5.10
Component: ARM Compiler 5.04 update 1 (build 49)
Tool: armlink [5040049]

==============================================================================

Section Cross References

    main.o(.text) refers to rt_memclr_w.o(.text) for __aeabi_memclr4
    main.o(.text) refers to key.o(.text) for KEY_Init
    main.o(.text) refers to delay.o(.text) for delay_init
    main.o(.text) refers to sys.o(.text) for NVIC_Configuration
    main.o(.text) refers to usart.o(.text) for uart_init
    main.o(.text) refers to gprs.o(.text) for SIM900_Init
    main.o(.text) refers to led.o(.text) for LED_Init
    main.o(.text) refers to motor.o(.text) for TIM3_PWM_Init
    main.o(.text) refers to sim900sms.o(.text) for SIM900_READ_SM
    main.o(.text) refers to main.o(.data) for SMSLocationMode
    main.o(.text) refers to main.o(.bss) for SMContentArray
    main.o(.data) refers to main.o(.bss) for sPID
    system_stm32f10x.o(.text) refers to system_stm32f10x.o(.data) for SystemCoreClock
    led.o(.text) refers to stm32f10x_rcc.o(.text) for RCC_APB2PeriphClockCmd
    led.o(.text) refers to stm32f10x_gpio.o(.text) for GPIO_Init
    led.o(.text) refers to delay.o(.text) for delay_ms
    key.o(.text) refers to stm32f10x_rcc.o(.text) for RCC_APB2PeriphClockCmd
    key.o(.text) refers to stm32f10x_gpio.o(.text) for GPIO_PinRemapConfig
    key.o(.text) refers to delay.o(.text) for delay_ms
    key.o(.text) refers to key.o(.data) for key_up
    gprs.o(.text) refers to _printf_percent.o(.ARM.Collect$$_printf_percent$$00000000) for _printf_percent
    gprs.o(.text) refers to _printf_s.o(.ARM.Collect$$_printf_percent$$00000014) for _printf_s
    gprs.o(.text) refers to _printf_str.o(.text) for _printf_str
    gprs.o(.text) refers to _printf_x.o(.ARM.Collect$$_printf_percent$$0000000C) for _printf_x
    gprs.o(.text) refers to _printf_hex_int.o(.text) for _printf_longlong_hex
    gprs.o(.text) refers to _printf_d.o(.ARM.Collect$$_printf_percent$$00000009) for _printf_d
    gprs.o(.text) refers to _printf_dec.o(.text) for _printf_int_dec
    gprs.o(.text) refers to sim900sms.o(.text) for Clear_USART_RX_BUF
    gprs.o(.text) refers to noretval__2printf.o(.text) for __2printf
    gprs.o(.text) refers to delay.o(.text) for delay_ms
    gprs.o(.text) refers to strstr.o(.text) for strstr
    gprs.o(.text) refers to led.o(.text) for LED0_RUN
    gprs.o(.text) refers to gprs.o(.data) for SIM900_CGCLASS
    gprs.o(.text) refers to usart.o(.bss) for USART_RX_BUF
    gprs.o(.text) refers to main.o(.data) for FLAG_GSM_DATA_COMING
    pid.o(.text) refers to dflt_clz.o(x$fpl$dflt) for __aeabi_i2d
    pid.o(.text) refers to dmul.o(x$fpl$dmul) for __aeabi_dmul
    pid.o(.text) refers to daddsub_clz.o(x$fpl$dsub) for __aeabi_dsub
    pid.o(.text) refers to daddsub_clz.o(x$fpl$dadd) for __aeabi_dadd
    pid.o(.text) refers to dfix.o(x$fpl$dfix) for __aeabi_d2iz
    pid.o(.text) refers to dfixu.o(x$fpl$dfixu) for __aeabi_d2uiz
    pid.o(.text) refers to pid.o(.data) for sptr
    pid.o(.data) refers to pid.o(.bss) for sPID
    motor.o(.text) refers to stm32f10x_rcc.o(.text) for RCC_APB1PeriphClockCmd
    motor.o(.text) refers to stm32f10x_gpio.o(.text) for GPIO_Init
    motor.o(.text) refers to stm32f10x_tim.o(.text) for TIM_TimeBaseInit
    motor.o(.text) refers to f2d.o(x$fpl$f2d) for __aeabi_f2d
    motor.o(.text) refers to dflt_clz.o(x$fpl$dfltu) for __aeabi_ui2d
    motor.o(.text) refers to dmul.o(x$fpl$dmul) for __aeabi_dmul
    motor.o(.text) refers to ddiv.o(x$fpl$ddiv) for __aeabi_ddiv
    motor.o(.text) refers to dfix.o(x$fpl$dfix) for __aeabi_d2iz
    motor.o(.text) refers to main.o(.data) for actualMotorSpeedMax
    speedsense.o(.text) refers to stm32f10x_rcc.o(.text) for RCC_APB1PeriphClockCmd
    speedsense.o(.text) refers to stm32f10x_gpio.o(.text) for GPIO_Init
    speedsense.o(.text) refers to stm32f10x_tim.o(.text) for TIM_TimeBaseInit
    speedsense.o(.text) refers to misc.o(.text) for NVIC_Init
    speedsense.o(.text) refers to speedsense.o(.bss) for TIM2_ICInitStructure
    speedsense.o(.text) refers to speedsense.o(.data) for FLAG_Capture
    speedsense.o(.text) refers to main.o(.data) for FREQUERY_SIHGLE
    sim900sms.o(.text) refers to _printf_percent.o(.ARM.Collect$$_printf_percent$$00000000) for _printf_percent
    sim900sms.o(.text) refers to _printf_s.o(.ARM.Collect$$_printf_percent$$00000014) for _printf_s
    sim900sms.o(.text) refers to _printf_str.o(.text) for _printf_str
    sim900sms.o(.text) refers to _printf_x.o(.ARM.Collect$$_printf_percent$$0000000C) for _printf_x
    sim900sms.o(.text) refers to _printf_hex_int.o(.text) for _printf_longlong_hex
    sim900sms.o(.text) refers to noretval__2printf.o(.text) for __2printf
    sim900sms.o(.text) refers to delay.o(.text) for delay_ms
    sim900sms.o(.text) refers to strstr.o(.text) for strstr
    sim900sms.o(.text) refers to stm32f10x_usart.o(.text) for USART_SendData
    sim900sms.o(.text) refers to rt_memclr_w.o(.text) for __aeabi_memclr4
[...]
    libinit2.o(.ARM.Collect$$libinit$$00000010) refers to libinit2.o(.ARM.Collect$$libinit$$0000000D) for .ARM.Collect$$libinit$$0000000D
    libinit2.o(.ARM.Collect$$libinit$$00000012) refers to libinit2.o(.ARM.Collect$$libinit$$0000000D) for .ARM.Collect$$libinit$$0000000D
    libinit2.o(.ARM.Collect$$libinit$$00000014) refers to libinit2.o(.ARM.Collect$$libinit$$0000000D) for .ARM.Collect$$libinit$$0000000D
    libinit2.o(.ARM.Collect$$libinit$$00000016) refers to libinit2.o(.ARM.Collect$$libinit$$0000000D) for .ARM.Collect$$libinit$$0000000D
    libinit2.o(.ARM.Collect$$libinit$$00000024) refers to argv_veneer.o(.emb_text) for __ARM_argv_veneer
    libinit2.o(.ARM.Collect$$libinit$$00000025) refers to argv_veneer.o(.emb_text) for __ARM_argv_veneer
    rtexit2.o(.ARM.Collect$$rtexit$$00000003) refers to libshutdown.o(.ARM.Collect$$libshutdown$$00000000) for __rt_lib_shutdown
    rtexit2.o(.ARM.Collect$$rtexit$$00000004) refers to usart.o(.text) for _sys_exit
    rtexit2.o(.ARM.exidx) refers to rtexit2.o(.ARM.Collect$$rtexit$$00000001) for .ARM.Collect$$rtexit$$00000001
    rtexit2.o(.ARM.exidx) refers to rtexit2.o(.ARM.Collect$$rtexit$$00000003) for .ARM.Collect$$rtexit$$00000003
    rtexit2.o(.ARM.exidx) refers to rtexit2.o(.ARM.Collect$$rtexit$$00000004) for .ARM.Collect$$rtexit$$00000004
    argv_veneer.o(.emb_text) refers to no_argv.o(.text) for __ARM_get_argv
    _get_argv_nomalloc.o(.text) refers (Special) to hrguard.o(.text) for __heap_region$guard
    _get_argv_nomalloc.o(.text) refers to defsig_rtmem_outer.o(.text) for __rt_SIGRTMEM
    _get_argv_nomalloc.o(.text) refers to sys_command.o(.text) for _sys_command_string
    libshutdown.o(.ARM.Collect$$libshutdown$$00000000) refers (Special) to libshutdown2.o(.ARM.Collect$$libshutdown$$00000006) for __rt_lib_shutdown_fp_trap_1
    libshutdown.o(.ARM.Collect$$libshutdown$$00000000) refers (Special) to libshutdown2.o(.ARM.Collect$$libshutdown$$0000000E) for __rt_lib_shutdown_heap_1
    libshutdown.o(.ARM.Collect$$libshutdown$$00000000) refers (Special) to libshutdown2.o(.ARM.Collect$$libshutdown$$0000000F) for __rt_lib_shutdown_return
    libshutdown.o(.ARM.Collect$$libshutdown$$00000000) refers (Special) to libshutdown2.o(.ARM.Collect$$libshutdown$$00000009) for __rt_lib_shutdown_signal_1
    libshutdown.o(.ARM.Collect$$libshutdown$$00000000) refers (Special) to libshutdown2.o(.ARM.Collect$$libshutdown$$00000003) for __rt_lib_shutdown_stdio_1
    libshutdown.o(.ARM.Collect$$libshutdown$$00000000) refers (Special) to libshutdown2.o(.ARM.Collect$$libshutdown$$0000000B) for __rt_lib_shutdown_user_alloc_1
    sys_command.o(.text) refers (Special) to use_no_semi.o(.text) for __I$use$semihosting
    sys_command.o(.text) refers (Special) to indicate_semi.o(.text) for __semihosting_library_function
    defsig_rtmem_outer.o(.text) refers to defsig_rtmem_inner.o(.text) for __rt_SIGRTMEM_inner
    defsig_rtmem_outer.o(.text) refers to defsig_exit.o(.text) for __sig_exit
    defsig_rtmem_formal.o(.text) refers to rt_raise.o(.text) for __rt_raise
    rt_raise.o(.text) refers to __raise.o(.text) for __raise
    rt_raise.o(.text) refers to usart.o(.text) for _sys_exit
    defsig_exit.o(.text) refers to usart.o(.text) for _sys_exit
    defsig_rtmem_inner.o(.text) refers to defsig_general.o(.text) for __default_signal_display
    __raise.o(.text) refers to defsig.o(CL$$defsig) for __default_signal_handler
    defsig_general.o(.text) refers to sys_wrch.o(.text) for _ttywrch
    sys_wrch.o(.text) refers (Special) to use_no_semi.o(.text) for __I$use$semihosting
    sys_wrch.o(.text) refers (Special) to indicate_semi.o(.text) for __semihosting_library_function
    defsig.o(CL$$defsig) refers to defsig_rtmem_inner.o(.text) for __rt_SIGRTMEM_inner
    defsig_abrt_inner.o(.text) refers to defsig_general.o(.text) for __default_signal_display
    defsig_fpe_inner.o(.text) refers to defsig_general.o(.text) for __default_signal_display
    defsig_rtred_inner.o(.text) refers to defsig_general.o(.text) for __default_signal_display
    defsig_stak_inner.o(.text) refers to defsig_general.o(.text) for __default_signal_display
    defsig_pvfn_inner.o(.text) refers to defsig_general.o(.text) for __default_signal_display
    defsig_cppl_inner.o(.text) refers to defsig_general.o(.text) for __default_signal_display
    defsig_segv_inner.o(.text) refers to defsig_general.o(.text) for __default_signal_display
    defsig_other.o(.text) refers to defsig_general.o(.text) for __default_signal_display


==============================================================================

Removing Unused input sections from the image.

    Removing pid.o(.text), (404 bytes).
    Removing pid.o(.bss), (40 bytes).
    Removing pid.o(.data), (4 bytes).
    Removing core_cm3.o(.emb_text), (32 bytes).

4 unused section(s) (total 480 bytes) removed from the image.

==============================================================================

Image Symbol Table

    Local Symbols

    Symbol Name                              Value     Ov Type        Size  Object(Section)

    ../clib/angel/boardlib.s                 0x00000000   Number         0  boardinit2.o ABSOLUTE
    ../clib/angel/boardlib.s                 0x00000000   Number         0  boardinit3.o ABSOLUTE
    ../clib/angel/boardlib.s                 0x00000000   Number         0  boardinit1.o ABSOLUTE
    ../clib/angel/boardlib.s                 0x00000000   Number         0  boardshut.o ABSOLUTE
    ../clib/angel/handlers.s                 0x00000000   Number         0  __scatter_zi.o ABSOLUTE
    ../clib/angel/handlers.s                 0x00000000   Number         0  __scatter_copy.o ABSOLUTE
    ../clib/angel/kernel.s                   0x00000000   Number         0  rtentry2.o ABSOLUTE
    ../clib/angel/kernel.s                   0x00000000   Number         0  rtentry.o ABSOLUTE
    ../clib/angel/kernel.s                   0x00000000   Number         0  rtentry4.o ABSOLUTE
    ../clib/angel/kernel.s                   0x00000000   Number         0  rtexit.o ABSOLUTE
    ../clib/angel/kernel.s                   0x00000000   Number         0  rtexit2.o ABSOLUTE
    ../clib/angel/rt.s                       0x00000000   Number         0  rt_raise.o ABSOLUTE
    ../clib/angel/scatter.s                  0x00000000   Number         0  __scatter.o ABSOLUTE
    ../clib/angel/startup.s                  0x00000000   Number         0  __main.o ABSOLUTE
    ../clib/angel/sys.s                      0x00000000   Number         0  use_no_semi.o ABSOLUTE
    ../clib/angel/sys.s                      0x00000000   Number         0  sys_stackheap_outer.o ABSOLUTE
    ../clib/angel/sys.s                      0x00000000   Number         0  use_no_semi_2.o ABSOLUTE
    ../clib/angel/sys.s                      0x00000000   Number         0  indicate_semi.o ABSOLUTE
    ../clib/angel/sys.s                      0x00000000   Number         0  libspace.o ABSOLUTE
    ../clib/angel/sysapp.c                   0x00000000   Number         0  sys_wrch.o ABSOLUTE
    ../clib/angel/sysapp.c                   0x00000000   Number         0  sys_command.o ABSOLUTE
    ../clib/armsys.c                         0x00000000   Number         0  argv_veneer.o ABSOLUTE
    ../clib/armsys.c                         0x00000000   Number         0  no_argv.o ABSOLUTE
    ../clib/armsys.c                         0x00000000   Number         0  _get_argv_nomalloc.o ABSOLUTE
    ../clib/armsys.c                         0x00000000   Number         0  argv_veneer.o ABSOLUTE
    ../clib/heapalloc.c                      0x00000000   Number         0  hrguard.o ABSOLUTE
    ../clib/heapaux.c                        0x00000000   Number         0  heapauxi.o ABSOLUTE
    ../clib/libinit.s                        0x00000000   Number         0  libshutdown2.o ABSOLUTE
    ../clib/libinit.s                        0x00000000   Number         0  libinit.o ABSOLUTE
    ../clib/libinit.s                        0x00000000   Number         0  libinit2.o ABSOLUTE
    ../clib/libinit.s                        0x00000000   Number         0  libshutdown.o ABSOLUTE
    ../clib/memcpset.s                       0x00000000   Number         0  rt_memclr_w.o ABSOLUTE
    ../clib/printf.c                         0x00000000   Number         0  _printf_hex_int.o ABSOLUTE
    ../clib/printf.c                         0x00000000   Number         0  _printf_intcommon.o ABSOLUTE
    ../clib/printf.c                         0x00000000   Number         0  _printf_char.o ABSOLUTE
    ../clib/printf.c                         0x00000000   Number         0  _printf_char_file.o ABSOLUTE
    ../clib/printf.c                         0x00000000   Number         0  __printf_flags_wp.o ABSOLUTE
    ../clib/printf.c                         0x00000000   Number         0  _printf_dec.o ABSOLUTE
    ../clib/printf.c                         0x00000000   Number         0  __printf_flags_ss_wp.o ABSOLUTE
    ../clib/printf.c                         0x00000000   Number         0  _printf_hex_ll.o ABSOLUTE
    ../clib/printf.c                         0x00000000   Number         0  _printf_char_common.o ABSOLUTE
    ../clib/printf.c                         0x00000000   Number         0  __printf_ss_wp.o ABSOLUTE
    ../clib/printf.c                         0x00000000   Number         0  __printf_wp.o ABSOLUTE
    ../clib/printf.c                         0x00000000   Number         0  _printf_str.o ABSOLUTE
    ../clib/printf.c                         0x00000000   Number         0  __printf_flags_ss.o ABSOLUTE
    ../clib/printf.c                         0x00000000   Number         0  __printf_ss.o ABSOLUTE
    ../clib/printf.c                         0x00000000   Number         0  __printf_nopercent.o ABSOLUTE
    ../clib/printf.c                         0x00000000   Number         0  __printf.o ABSOLUTE
    ../clib/printf.c                         0x00000000   Number         0  __printf_flags.o ABSOLUTE
    ../clib/printf.c                         0x00000000   Number         0  _printf_hex_int_ll_ptr.o ABSOLUTE
    ../clib/printf.c                         0x00000000   Number         0  _printf_hex_ll_ptr.o ABSOLUTE
    ../clib/printf.c                         0x00000000   Number         0  _printf_hex_int_ptr.o ABSOLUTE
    ../clib/printf.c                         0x00000000   Number         0  _printf_hex_ptr.o ABSOLUTE
    ../clib/printf.c                         0x00000000   Number         0  noretval__2printf.o ABSOLUTE
    ../clib/printf.c                         0x00000000   Number         0  __2printf.o ABSOLUTE
    ../clib/printf.c                         0x00000000   Number         0  _printf_hex_int_ll.o ABSOLUTE
    ../clib/printf_percent.s                 0x00000000   Number         0  _printf_percent.o ABSOLUTE
    ../clib/printf_percent.s                 0x00000000   Number         0  _printf_percent_end.o ABSOLUTE
    ../clib/printf_percent.s                 0x00000000   Number         0  _printf_d.o ABSOLUTE
    ../clib/printf_percent.s                 0x00000000   Number         0  _printf_x.o ABSOLUTE
    ../clib/printf_percent.s                 0x00000000   Number         0  _printf_s.o ABSOLUTE
    ../clib/signal.c                         0x00000000   Number         0  defsig_rtred_inner.o ABSOLUTE
    ../clib/signal.c                         0x00000000   Number         0  defsig_segv_inner.o ABSOLUTE
    ../clib/signal.c                         0x00000000   Number         0  defsig_cppl_inner.o ABSOLUTE
    ../clib/signal.c                         0x00000000   Number         0  defsig_pvfn_inner.o ABSOLUTE
    ../clib/signal.c                         0x00000000   Number         0  defsig_stak_inner.o ABSOLUTE
    ../clib/signal.c                         0x00000000   Number         0  defsig_fpe_inner.o ABSOLUTE
    ../clib/signal.c                         0x00000000   Number         0  defsig_abrt_inner.o ABSOLUTE
    ../clib/signal.c                         0x00000000   Number         0  defsig_rtmem_formal.o ABSOLUTE
    ../clib/signal.c                         0x00000000   Number         0  defsig_rtmem_outer.o ABSOLUTE
    ../clib/signal.c                         0x00000000   Number         0  defsig_exit.o ABSOLUTE
    ../clib/signal.c                         0x00000000   Number         0  defsig_other.o ABSOLUTE
    ../clib/signal.c                         0x00000000   Number         0  __raise.o ABSOLUTE
    ../clib/signal.c                         0x00000000   Number         0  defsig_general.o ABSOLUTE
    ../clib/signal.c                         0x00000000   Number         0  defsig_rtmem_inner.o ABSOLUTE
    ../clib/signal.s                         0x00000000   Number         0  defsig.o ABSOLUTE
    ../clib/stdio.c                          0x00000000   Number         0  ferror_locked.o ABSOLUTE
    ../clib/stdio.c                          0x00000000   Number         0  ferror.o ABSOLUTE
    ../clib/stdlib.c                         0x00000000   Number         0  exit.o ABSOLUTE
    ../clib/string.c                         0x00000000   Number         0  strstr.o ABSOLUTE
    ../fplib/daddsub.s                       0x00000000   Number         0  daddsub_clz.o ABSOLUTE
    ../fplib/ddiv.s                          0x00000000   Number         0  ddiv.o ABSOLUTE
    ../fplib/dfix.s                          0x00000000   Number         0  dfix.o ABSOLUTE
    ../fplib/dfixu.s                         0x00000000   Number         0  dfixu.o ABSOLUTE
    ../fplib/dflt.s                          0x00000000   Number         0  dflt_clz.o ABSOLUTE
    ../fplib/dmul.s                          0x00000000   Number         0  dmul.o ABSOLUTE
    ../fplib/dnaninf.s                       0x00000000   Number         0  dnaninf.o ABSOLUTE
    ../fplib/dretinf.s                       0x00000000   Number         0  dretinf.o ABSOLUTE
    ../fplib/f2d.s                           0x00000000   Number         0  f2d.o ABSOLUTE
    ../fplib/fnaninf.s                       0x00000000   Number         0  fnaninf.o ABSOLUTE
    ../fplib/fpinit.s                        0x00000000   Number         0  fpinit.o ABSOLUTE
    ../fplib/usenofp.s                       0x00000000   Number         0  usenofp.o ABSOLUTE
    ..\CORE\core_cm3.c                       0x00000000   Number         0  core_cm3.o ABSOLUTE
    ..\CORE\startup_stm32f10x_hd.s           0x00000000   Number         0  startup_stm32f10x_hd.o ABSOLUTE
    ..\HARDWARE\KEY\key.c                    0x00000000   Number         0  key.o ABSOLUTE
    ..\HARDWARE\LED\led.c                    0x00000000   Number         0  led.o ABSOLUTE
    ..\HARDWARE\Motor\motor.c                0x00000000   Number         0  motor.o ABSOLUTE
    ..\HARDWARE\PIDControl\PID.c             0x00000000   Number         0  pid.o ABSOLUTE
    ..\HARDWARE\SIM900GPRS\GPRS.C            0x00000000   Number         0  gprs.o ABSOLUTE
    ..\HARDWARE\SIM900\SIM900SMS.c           0x00000000   Number         0  sim900sms.o ABSOLUTE
    ..\HARDWARE\SpeedSense\SpeedSense.c      0x00000000   Number         0  speedsense.o ABSOLUTE
    ..\STM32F10x_FWLib\src\misc.c            0x00000000   Number         0  misc.o ABSOLUTE
    ..\STM32F10x_FWLib\src\stm32f10x_gpio.c  0x00000000   Number         0  stm32f10x_gpio.o ABSOLUTE
    ..\STM32F10x_FWLib\src\stm32f10x_rcc.c   0x00000000   Number         0  stm32f10x_rcc.o ABSOLUTE
    ..\STM32F10x_FWLib\src\stm32f10x_tim.c   0x00000000   Number         0  stm32f10x_tim.o ABSOLUTE
    ..\STM32F10x_FWLib\src\stm32f10x_usart.c 0x00000000   Number         0  stm32f10x_usart.o ABSOLUTE
    ..\SYSTEM\delay\delay.c                  0x00000000   Number         0  delay.o ABSOLUTE
    ..\SYSTEM\sys\sys.c                      0x00000000   Number         0  sys.o ABSOLUTE
    ..\SYSTEM\usart\usart.c                  0x00000000   Number         0  usart.o ABSOLUTE
    ..\\CORE\\core_cm3.c                     0x00000000   Number         0  core_cm3.o ABSOLUTE
    dc.s                                     0x00000000   Number         0  dc.o ABSOLUTE
    main.c                                   0x00000000   Number         0  main.o ABSOLUTE
    stm32f10x_it.c                           0x00000000   Number         0  stm32f10x_it.o ABSOLUTE
    system_stm32f10x.c                       0x00000000   Number         0  system_stm32f10x.o ABSOLUTE
    RESET                                    0x08000000   Section      304  startup_stm32f10x_hd.o(RESET)
    !!!main                                  0x08000130   Section        8  __main.o(!!!main)
    !!!scatter                               0x08000138   Section       52  __scatter.o(!!!scatter)
    !!handler_copy                           0x0800016c   Section       26  __scatter_copy.o(!!handler_copy)
    !!handler_zi                             0x08000188   Section       28  __scatter_zi.o(!!handler_zi)
    .ARM.Collect$$_printf_percent$$00000000  0x080001a4   Section        0  _printf_percent.o(.ARM.Collect$$_printf_percent$$00000000)
    .ARM.Collect$$_printf_percent$$00000009  0x080001a4   Section        6  _printf_d.o(.ARM.Collect$$_printf_percent$$00000009)
    .ARM.Collect$$_printf_percent$$0000000C  0x080001aa   Section        6  _printf_x.o(.ARM.Collect$$_printf_percent$$0000000C)
    .ARM.Collect$$_printf_percent$$00000014  0x080001b0   Section        6  _printf_s.o(.ARM.Collect$$_printf_percent$$00000014)
    .ARM.Collect$$_printf_percent$$00000017  0x080001b6   Section        4  _printf_percent_end.o(.ARM.Collect$$_printf_percent$$00000017)
    .ARM.Collect$$libinit$$00000000          0x080001ba   Section        2  libinit.o(.ARM.Collect$$libinit$$00000000)
    .ARM.Collect$$libinit$$00000002          0x080001bc   Section        0  libinit2.o(.ARM.Collect$$libinit$$00000002)
    .ARM.Collect$$libinit$$00000008          0x080001bc   Section        0  libinit2.o(.ARM.Collect$$libinit$$00000008)
    .ARM.Collect$$libinit$$0000000A          0x080001bc   Section        0  libinit2.o(.ARM.Collect$$libinit$$0000000A)
    .ARM.Collect$$libinit$$0000000C          0x080001bc   Section        0  libinit2.o(.ARM.Collect$$libinit$$0000000C)
    .ARM.Collect$$libinit$$0000000F          0x080001bc   Section        0  libinit2.o(.ARM.Collect$$libinit$$0000000F)
    .ARM.Collect$$libinit$$00000011          0x080001bc   Section        0  libinit2.o(.ARM.Collect$$libinit$$00000011)
    .ARM.Collect$$libinit$$00000013          0x080001bc   Section        0  libinit2.o(.ARM.Collect$$libinit$$00000013)
    .ARM.Collect$$libinit$$00000015          0x080001bc   Section        0  libinit2.o(.ARM.Collect$$libinit$$00000015)
    .ARM.Collect$$libinit$$00000017          0x080001bc   Section        0  libinit2.o(.ARM.Collect$$libinit$$00000017)
    .ARM.Collect$$libinit$$00000019          0x080001bc   Section        0  libinit2.o(.ARM.Collect$$libinit$$00000019)
    .ARM.Collect$$libinit$$0000001B          0x080001bc   Section        0  libinit2.o(.ARM.Collect$$libinit$$0000001B)
    .ARM.Collect$$libinit$$0000001D          0x080001bc   Section        0  libinit2.o(.ARM.Collect$$libinit$$0000001D)
    .ARM.Collect$$libinit$$0000001F          0x080001bc   Section        0  libinit2.o(.ARM.Collect$$libinit$$0000001F)
    .ARM.Collect$$libinit$$00000021          0x080001bc   Section        0  libinit2.o(.ARM.Collect$$libinit$$00000021)
    .ARM.Collect$$libinit$$00000023          0x080001bc   Section        0  libinit2.o(.ARM.Collect$$libinit$$00000023)
    .ARM.Collect$$libinit$$0000002A          0x080001bc   Section        0  libinit2.o(.ARM.Collect$$libinit$$0000002A)
    .ARM.Collect$$libinit$$0000002C          0x080001bc   Section        0  libinit2.o(.ARM.Collect$$libinit$$0000002C)
    .ARM.Collect$$libinit$$0000002E          0x080001bc   Section        0  libinit2.o(.ARM.Collect$$libinit$$0000002E)
    .ARM.Collect$$libinit$$00000030          0x080001bc   Section        0  libinit2.o(.ARM.Collect$$libinit$$00000030)
    .ARM.Collect$$libinit$$00000031          0x080001bc   Section        2  libinit2.o(.ARM.Collect$$libinit$$00000031)
    .ARM.Collect$$libshutdown$$00000000      0x080001be   Section        2  libshutdown.o(.ARM.Collect$$libshutdown$$00000000)
    .ARM.Collect$$libshutdown$$00000003      0x080001c0   Section        0  libshutdown2.o(.ARM.Collect$$libshutdown$$00000003)
    .ARM.Collect$$libshutdown$$00000006      0x080001c0   Section        0  libshutdown2.o(.ARM.Collect$$libshutdown$$00000006)
    .ARM.Collect$$libshutdown$$00000009      0x080001c0   Section        0  libshutdown2.o(.ARM.Collect$$libshutdown$$00000009)
    .ARM.Collect$$libshutdown$$0000000B      0x080001c0   Section        0  libshutdown2.o(.ARM.Collect$$libshutdown$$0000000B)
    .ARM.Collect$$libshutdown$$0000000E      0x080001c0   Section        0  libshutdown2.o(.ARM.Collect$$libshutdown$$0000000E)
    .ARM.Collect$$libshutdown$$0000000F      0x080001c0   Section        2  libshutdown2.o(.ARM.Collect$$libshutdown$$0000000F)
    .ARM.Collect$$rtentry$$00000000          0x080001c2   Section        0  rtentry.o(.ARM.Collect$$rtentry$$00000000)
    .ARM.Collect$$rtentry$$00000002          0x080001c2   Section        0  rtentry2.o(.ARM.Collect$$rtentry$$00000002)
    .ARM.Collect$$rtentry$$00000004          0x080001c2   Section        6  rtentry4.o(.ARM.Collect$$rtentry$$00000004)
    .ARM.Collect$$rtentry$$00000009          0x080001c8   Section        0  rtentry2.o(.ARM.Collect$$rtentry$$00000009)
    .ARM.Collect$$rtentry$$0000000A          0x080001c8   Section        4  rtentry2.o(.ARM.Collect$$rtentry$$0000000A)
    .ARM.Collect$$rtentry$$0000000C          0x080001cc   Section        0  rtentry2.o(.ARM.Collect$$rtentry$$0000000C)
    .ARM.Collect$$rtentry$$0000000D          0x080001cc   Section        8  rtentry2.o(.ARM.Collect$$rtentry$$0000000D)
    .ARM.Collect$$rtexit$$00000000           0x080001d4   Section        2  rtexit.o(.ARM.Collect$$rtexit$$00000000)
    .ARM.Collect$$rtexit$$00000002           0x080001d6   Section        0  rtexit2.o(.ARM.Collect$$rtexit$$00000002)
    .ARM.Collect$$rtexit$$00000003           0x080001d6   Section        4  rtexit2.o(.ARM.Collect$$rtexit$$00000003)
    .ARM.Collect$$rtexit$$00000004           0x080001da   Section        6  rtexit2.o(.ARM.Collect$$rtexit$$00000004)
    .text                                    0x080001e0   Section        0  main.o(.text)
    .text                                    0x08000458   Section        0  stm32f10x_it.o(.text)
    .text                                    0x08000474   Section        0  system_stm32f10x.o(.text)
    SetSysClockTo72                          0x08000475   Thumb Code   214  system_stm32f10x.o(.text)
    SetSysClock                              0x0800054b   Thumb Code     8  system_stm32f10x.o(.text)
    .text                                    0x08000654   Section        0  led.o(.text)
    .text                                    0x08000760   Section        0  key.o(.text)
    .text                                    0x0800085c   Section        0  gprs.o(.text)
    .text                                    0x08000a94   Section        0  motor.o(.text)
    .text                                    0x08000b90   Section        0  speedsense.o(.text)
    .text                                    0x08000d18   Section        0  sim900sms.o(.text)
    .text                                    0x08001010   Section        0  delay.o(.text)
    .text                                    0x080010e4   Section        0  sys.o(.text)
    .text                                    0x080010f0   Section        0  usart.o(.text)
    .text                                    0x080014cc   Section       64  startup_stm32f10x_hd.o(.text)
    .text                                    0x0800150c   Section        0  stm32f10x_gpio.o(.text)
    .text                                    0x08001868   Section        0  stm32f10x_rcc.o(.text)
    .text                                    0x08001c0c   Section        0  stm32f10x_usart.o(.text)
    .text                                    0x08002014   Section        0  misc.o(.text)
    .text                                    0x080020f0   Section        0  stm32f10x_tim.o(.text)
    TI4_Config                               0x08002597   Thumb Code   130  stm32f10x_tim.o(.text)
    TI3_Config                               0x0800262b   Thumb Code   122  stm32f10x_tim.o(.text)
    TI2_Config                               0x080026bf   Thumb Code   130  stm32f10x_tim.o(.text)
    TI1_Config                               0x08002753   Thumb Code   108  stm32f10x_tim.o(.text)
    .text                                    0x08002f0a   Section        2  use_no_semi_2.o(.text)
    .text                                    0x08002f0c   Section        0  noretval__2printf.o(.text)
    .text                                    0x08002f24   Section        0  __printf.o(.text)
    .text                                    0x08002f8c   Section        0  _printf_str.o(.text)
    .text                                    0x08002fe0   Section        0  _printf_dec.o(.text)
    .text                                    0x08003054   Section        0  _printf_hex_int.o(.text)
    .text                                    0x080030ac   Section        0  strstr.o(.text)
    .text                                    0x080030d0   Section       78  rt_memclr_w.o(.text)
    .text                                    0x0800311e   Section        0  heapauxi.o(.text)
    .text                                    0x08003124   Section        2  use_no_semi.o(.text)
    .text                                    0x08003126   Section        0  _printf_intcommon.o(.text)
    .text                                    0x080031d8   Section        0  _printf_char.o(.text)
    .text                                    0x08003204   Section        0  _printf_char_file.o(.text)
    .text                                    0x08003228   Section        0  _printf_char_common.o(.text)
    _printf_input_char                       0x08003229   Thumb Code    10  _printf_char_common.o(.text)
    .text                                    0x08003258   Section        0  ferror.o(.text)
    .text                                    0x08003260   Section       74  sys_stackheap_outer.o(.text)
    .text                                    0x080032aa   Section        0  exit.o(.text)
    .text                                    0x080032b8   Section        8  libspace.o(.text)
    x$fpl$ddiv                               0x080032c0   Section      688  ddiv.o(x$fpl$ddiv)
    ddiv_entry                               0x080032c7   Thumb Code     0  ddiv.o(x$fpl$ddiv)
    x$fpl$dfix                               0x08003570   Section       94  dfix.o(x$fpl$dfix)
    x$fpl$dfltu                              0x080035ce   Section       38  dflt_clz.o(x$fpl$dfltu)
    x$fpl$dmul                               0x080035f4   Section      340  dmul.o(x$fpl$dmul)
    x$fpl$dnaninf                            0x08003748   Section      156  dnaninf.o(x$fpl$dnaninf)
    x$fpl$dretinf                            0x080037e4   Section       12  dretinf.o(x$fpl$dretinf)
    x$fpl$f2d                                0x080037f0   Section       86  f2d.o(x$fpl$f2d)
    x$fpl$fnaninf                            0x08003846   Section      140  fnaninf.o(x$fpl$fnaninf)
    .constdata                               0x080038d2   Section       40  _printf_hex_int.o(.constdata)
    x$fpl$usenofp                            0x080038d2   Section        0  usenofp.o(x$fpl$usenofp)
    uc_hextab                                0x080038d2   Data          20  _printf_hex_int.o(.constdata)
    lc_hextab                                0x080038e6   Data          20  _printf_hex_int.o(.constdata)
    .data                                    0x20000000   Section       16  main.o(.data)
    sptr                                     0x20000000   Data           4  main.o(.data)
    .data                                    0x20000010   Section       20  system_stm32f10x.o(.data)
    .data                                    0x20000024   Section        1  key.o(.data)
    key_up                                   0x20000024   Data           1  key.o(.data)
    .data                                    0x20000025   Section      162  gprs.o(.data)
    .data                                    0x200000c8   Section        8  speedsense.o(.data)
    .data                                    0x200000d0   Section       47  sim900sms.o(.data)
    .data                                    0x20000100   Section        4  delay.o(.data)
    fac_us                                   0x20000100   Data           1  delay.o(.data)
    fac_ms                                   0x20000102   Data           2  delay.o(.data)
    .data                                    0x20000104   Section       11  usart.o(.data)
    .data                                    0x2000010f   Section       20  stm32f10x_rcc.o(.data)
    APBAHBPrescTable                         0x2000010f   Data          16  stm32f10x_rcc.o(.data)
    ADCPrescTable                            0x2000011f   Data           4  stm32f10x_rcc.o(.data)
    .bss                                     0x20000128   Section       60  main.o(.bss)
    sPID                                     0x20000128   Data          40  main.o(.bss)
    .bss                                     0x20000164   Section       10  speedsense.o(.bss)
    .bss                                     0x2000016e   Section      100  usart.o(.bss)
    .bss                                     0x200001d4   Section       96  libspace.o(.bss)
    HEAP                                     0x20000238   Section      512  startup_stm32f10x_hd.o(HEAP)
    Heap_Mem                                 0x20000238   Data         512  startup_stm32f10x_hd.o(HEAP)
    STACK                                    0x20000438   Section     1024  startup_stm32f10x_hd.o(STACK)
    Stack_Mem                                0x20000438   Data        1024  startup_stm32f10x_hd.o(STACK)
    __initial_sp                             0x20000838   Data           0  startup_stm32f10x_hd.o(STACK)

    Global Symbols

    Symbol Name                              Value     Ov Type        Size  Object(Section)

    BuildAttributes$$THM_ISAv4$P$D$K$B$S$PE$A:L22UL41UL21$X:L11$S22US41US21$IEEE1$IW$USESV6$~STKCKD$USESV7$~SHL$OSPACE$ROPI$EBA8$UX$STANDARDLIB$REQ8$PRES8$EABIv2 0x00000000   Number         0  anon$$obj.o ABSOLUTE
    __ARM_use_no_argv                        0x00000000   Number         0  main.o ABSOLUTE
    __ARM_exceptions_init                     - Undefined Weak Reference
    __alloca_initialize                       - Undefined Weak Reference
    __cpp_initialize__aeabi_                  - Undefined Weak Reference
    __cxa_finalize                            - Undefined Weak Reference
    __rt_locale                               - Undefined Weak Reference
    __sigvec_lookup                           - Undefined Weak Reference
    _atexit_init                              - Undefined Weak Reference
    _call_atexit_fns                          - Undefined Weak Reference
    _clock_init                               - Undefined Weak Reference
    _fp_trap_init                             - Undefined Weak Reference
    _fp_trap_shutdown                         - Undefined Weak Reference
    _get_lc_collate                           - Undefined Weak Reference
    _get_lc_ctype                             - Undefined Weak Reference
    _get_lc_monetary                          - Undefined Weak Reference
    _get_lc_numeric                           - Undefined Weak Reference
    _get_lc_time                              - Undefined Weak Reference
    _getenv_init                              - Undefined Weak Reference
    _handle_redirection                       - Undefined Weak Reference
    _init_alloc                               - Undefined Weak Reference
    _init_user_alloc                          - Undefined Weak Reference
    _initio                                   - Undefined Weak Reference
    _mutex_acquire                            - Undefined Weak Reference
    _mutex_release                            - Undefined Weak Reference
    _printf_mbtowc                            - Undefined Weak Reference
    _printf_post_padding                      - Undefined Weak Reference
    _printf_pre_padding                       - Undefined Weak Reference
    _printf_truncate_signed                   - Undefined Weak Reference
    _printf_truncate_unsigned                 - Undefined Weak Reference
    _rand_init                                - Undefined Weak Reference
    _signal_finish                            - Undefined Weak Reference
    _signal_init                              - Undefined Weak Reference
    _terminate_alloc                          - Undefined Weak Reference
    _terminate_user_alloc                     - Undefined Weak Reference
    _terminateio                              - Undefined Weak Reference
    __Vectors_Size                           0x00000130   Number         0  startup_stm32f10x_hd.o ABSOLUTE
    __Vectors                                0x08000000   Data           4  startup_stm32f10x_hd.o(RESET)
    __Vectors_End                            0x08000130   Data           0  startup_stm32f10x_hd.o(RESET)
    __main                                   0x08000131   Thumb Code     8  __main.o(!!!main)
    __scatterload                            0x08000139   Thumb Code     0  __scatter.o(!!!scatter)
    __scatterload_rt2                        0x08000139   Thumb Code    44  __scatter.o(!!!scatter)
    __scatterload_rt2_thumb_only             0x08000139   Thumb Code     0  __scatter.o(!!!scatter)
    __scatterload_null                       0x08000147   Thumb Code     0  __scatter.o(!!!scatter)
    __scatterload_copy                       0x0800016d   Thumb Code    26  __scatter_copy.o(!!handler_copy)
    __scatterload_zeroinit                   0x08000189   Thumb Code    28  __scatter_zi.o(!!handler_zi)
    _printf_d                                0x080001a5   Thumb Code     0  _printf_d.o(.ARM.Collect$$_printf_percent$$00000009)
    _printf_percent                          0x080001a5   Thumb Code     0  _printf_percent.o(.ARM.Collect$$_printf_percent$$00000000)
    _printf_x                                0x080001ab   Thumb Code     0  _printf_x.o(.ARM.Collect$$_printf_percent$$0000000C)
    _printf_s                                0x080001b1   Thumb Code     0  _printf_s.o(.ARM.Collect$$_printf_percent$$00000014)
    _printf_percent_end                      0x080001b7   Thumb Code     0  _printf_percent_end.o(.ARM.Collect$$_printf_percent$$00000017)
    __rt_lib_init                            0x080001bb   Thumb Code     0  libinit.o(.ARM.Collect$$libinit$$00000000)
    __rt_lib_init_alloca_1                   0x080001bd   Thumb Code     0  libinit2.o(.ARM.Collect$$libinit$$0000002C)
    __rt_lib_init_argv_1                     0x080001bd   Thumb Code     0  libinit2.o(.ARM.Collect$$libinit$$0000002A)
    __rt_lib_init_atexit_1                   0x080001bd   Thumb Code     0  libinit2.o(.ARM.Collect$$libinit$$00000019)
    __rt_lib_init_clock_1                    0x080001bd   Thumb Code     0  libinit2.o(.ARM.Collect$$libinit$$0000001F)
    __rt_lib_init_cpp_1                      0x080001bd   Thumb Code     0  libinit2.o(.ARM.Collect$$libinit$$00000030)
    __rt_lib_init_exceptions_1               0x080001bd   Thumb Code     0  libinit2.o(.ARM.Collect$$libinit$$0000002E)
    __rt_lib_init_fp_1                       0x080001bd   Thumb Code     0  libinit2.o(.ARM.Collect$$libinit$$00000002)
    __rt_lib_init_fp_trap_1                  0x080001bd   Thumb Code     0  libinit2.o(.ARM.Collect$$libinit$$0000001D)
    __rt_lib_init_getenv_1                   0x080001bd   Thumb Code     0  libinit2.o(.ARM.Collect$$libinit$$00000021)
    __rt_lib_init_heap_1                     0x080001bd   Thumb Code     0  libinit2.o(.ARM.Collect$$libinit$$00000008)
    __rt_lib_init_lc_collate_1               0x080001bd   Thumb Code     0  libinit2.o(.ARM.Collect$$libinit$$0000000F)
    __rt_lib_init_lc_ctype_1                 0x080001bd   Thumb Code     0  libinit2.o(.ARM.Collect$$libinit$$00000011)
    __rt_lib_init_lc_monetary_1              0x080001bd   Thumb Code     0  libinit2.o(.ARM.Collect$$libinit$$00000013)
    __rt_lib_init_lc_numeric_1               0x080001bd   Thumb Code     0  libinit2.o(.ARM.Collect$$libinit$$00000015)
    __rt_lib_init_lc_time_1                  0x080001bd   Thumb Code     0  libinit2.o(.ARM.Collect$$libinit$$00000017)
    __rt_lib_init_rand_1                     0x080001bd   Thumb Code     0  libinit2.o(.ARM.Collect$$libinit$$0000000C)
    __rt_lib_init_return                     0x080001bd   Thumb Code     0  libinit2.o(.ARM.Collect$$libinit$$00000031)
    __rt_lib_init_signal_1                   0x080001bd   Thumb Code     0  libinit2.o(.ARM.Collect$$libinit$$0000001B)
    __rt_lib_init_stdio_1                    0x080001bd   Thumb Code     0  libinit2.o(.ARM.Collect$$libinit$$00000023)
    __rt_lib_init_user_alloc_1               0x080001bd   Thumb Code     0  libinit2.o(.ARM.Collect$$libinit$$0000000A)
    __rt_lib_shutdown                        0x080001bf   Thumb Code     0  libshutdown.o(.ARM.Collect$$libshutdown$$00000000)
    __rt_lib_shutdown_fp_trap_1              0x080001c1   Thumb Code     0  libshutdown2.o(.ARM.Collect$$libshutdown$$00000006)
    __rt_lib_shutdown_heap_1                 0x080001c1   Thumb Code     0  libshutdown2.o(.ARM.Collect$$libshutdown$$0000000E)
    __rt_lib_shutdown_return                 0x080001c1   Thumb Code     0  libshutdown2.o(.ARM.Collect$$libshutdown$$0000000F)
    __rt_lib_shutdown_signal_1               0x080001c1   Thumb Code     0  libshutdown2.o(.ARM.Collect$$libshutdown$$00000009)
    __rt_lib_shutdown_stdio_1                0x080001c1   Thumb Code     0  libshutdown2.o(.ARM.Collect$$libshutdown$$00000003)
    __rt_lib_shutdown_user_alloc_1           0x080001c1   Thumb Code     0  libshutdown2.o(.ARM.Collect$$libshutdown$$0000000B)
    __rt_entry                               0x080001c3   Thumb Code     0  rtentry.o(.ARM.Collect$$rtentry$$00000000)
    __rt_entry_presh_1                       0x080001c3   Thumb Code     0  rtentry2.o(.ARM.Collect$$rtentry$$00000002)
    __rt_entry_sh                            0x080001c3   Thumb Code     0  rtentry4.o(.ARM.Collect$$rtentry$$00000004)
    __rt_entry_li                            0x080001c9   Thumb Code     0  rtentry2.o(.ARM.Collect$$rtentry$$0000000A)
    __rt_entry_postsh_1                      0x080001c9   Thumb Code     0  rtentry2.o(.ARM.Collect$$rtentry$$00000009)
    __rt_entry_main                          0x080001cd   Thumb Code     0  rtentry2.o(.ARM.Collect$$rtentry$$0000000D)
    __rt_entry_postli_1                      0x080001cd   Thumb Code     0  rtentry2.o(.ARM.Collect$$rtentry$$0000000C)
    __rt_exit                                0x080001d5   Thumb Code     0  rtexit.o(.ARM.Collect$$rtexit$$00000000)
    __rt_exit_ls                             0x080001d7   Thumb Code     0  rtexit2.o(.ARM.Collect$$rtexit$$00000003)
    __rt_exit_prels_1                        0x080001d7   Thumb Code     0  rtexit2.o(.ARM.Collect$$rtexit$$00000002)
    __rt_exit_exit                           0x080001db   Thumb Code     0  rtexit2.o(.ARM.Collect$$rtexit$$00000004)
    judgeReadGPRSData                        0x080001e1   Thumb Code    42  main.o(.text)
    getActualSetSpeedFromSM                  0x0800020b   Thumb Code    60  main.o(.text)
    main                                     0x08000247   Thumb Code   472  main.o(.text)
    getActualSetSpeed                        0x0800041f   Thumb Code    16  main.o(.text)
    getActualSenseSpeed                      0x0800042f   Thumb Code     8  main.o(.text)
    NMI_Handler                              0x08000459   Thumb Code     2  stm32f10x_it.o(.text)
    HardFault_Handler                        0x0800045b   Thumb Code     4  stm32f10x_it.o(.text)
    MemManage_Handler                        0x0800045f   Thumb Code     4  stm32f10x_it.o(.text)
    BusFault_Handler                         0x08000463   Thumb Code     4  stm32f10x_it.o(.text)
    UsageFault_Handler                       0x08000467   Thumb Code     4  stm32f10x_it.o(.text)
    SVC_Handler                              0x0800046b   Thumb Code     2  stm32f10x_it.o(.text)
    DebugMon_Handler                         0x0800046d   Thumb Code     2  stm32f10x_it.o(.text)
    PendSV_Handler                           0x0800046f   Thumb Code     2  stm32f10x_it.o(.text)
    SysTick_Handler                          0x08000471   Thumb Code     2  stm32f10x_it.o(.text)
    SystemInit                               0x08000553   Thumb Code    78  system_stm32f10x.o(.text)
    SystemCoreClockUpdate                    0x080005a1   Thumb Code   142  system_stm32f10x.o(.text)
    LED_Init                                 0x08000655   Thumb Code    72  led.o(.text)
    LED0_RUN                                 0x0800069d   Thumb Code    50  led.o(.text)
    LED1_RUN                                 0x080006cf   Thumb Code    50  led.o(.text)
    LED_FLASH                                0x08000701   Thumb Code    70  led.o(.text)
    KEY_Init                                 0x08000761   Thumb Code    82  key.o(.text)
    KEY_Scan                                 0x080007b3   Thumb Code   154  key.o(.text)
    SIM900_Init                              0x0800085d   Thumb Code   198  gprs.o(.text)
    GPRS_SendHex1601A                        0x08000923   Thumb Code    12  gprs.o(.text)
    establishTCPLink                         0x0800092f   Thumb Code    58  gprs.o(.text)
    GPRS_GSM_READDATA                        0x08000969   Thumb Code    52  gprs.o(.text)
    GPRS_Send_GSM                            0x0800099d   Thumb Code   102  gprs.o(.text)
    TIM3_PWM_Init                            0x08000a95   Thumb Code   142  motor.o(.text)
    motor_out                                0x08000b23   Thumb Code    90  motor.o(.text)
    TIM2_Cap_Init                            0x08000b91   Thumb Code   158  speedsense.o(.text)
    TIM2_IRQHandler                          0x08000c2f   Thumb Code   180  speedsense.o(.text)
    setSenseSpeedCmd                         0x08000ce3   Thumb Code    20  speedsense.o(.text)
    Clear_USART_RX_BUF                       0x08000d19   Thumb Code    22  sim900sms.o(.text)
    SIM900_Check                             0x08000d2f   Thumb Code    44  sim900sms.o(.text)
    SIM900_SendSMS                           0x08000d5b   Thumb Code   176  sim900sms.o(.text)
    SIM900_Read_Text                         0x08000e0b   Thumb Code   138  sim900sms.o(.text)
    SIM900_READ_SM                           0x08000e95   Thumb Code   206  sim900sms.o(.text)
    delay_init                               0x08001011   Thumb Code    50  delay.o(.text)
    delay_us                                 0x08001043   Thumb Code    72  delay.o(.text)
    delay_ms                                 0x0800108b   Thumb Code    72  delay.o(.text)
    NVIC_Configuration                       0x080010e5   Thumb Code    12  sys.o(.text)
    _sys_exit                                0x080010f1   Thumb Code     6  usart.o(.text)
    fputc                                    0x080010f7   Thumb Code    24  usart.o(.text)
    uart_init                                0x0800110f   Thumb Code   160  usart.o(.text)
    USART1_IRQHandler                        0x080011af   Thumb Code   730  usart.o(.text)
    Reset_Handler                            0x080014cd   Thumb Code     8  startup_stm32f10x_hd.o(.text)
    ADC1_2_IRQHandler                        0x080014e7   Thumb Code     0  startup_stm32f10x_hd.o(.text)
    ADC3_IRQHandler                          0x080014e7   Thumb Code     0  startup_stm32f10x_hd.o(.text)
    CAN1_RX1_IRQHandler                      0x080014e7   Thumb Code     0  startup_stm32f10x_hd.o(.text)
    CAN1_SCE_IRQHandler                      0x080014e7   Thumb Code     0  startup_stm32f10x_hd.o(.text)
    DMA1_Channel1_IRQHandler                 0x080014e7   Thumb Code     0  startup_stm32f10x_hd.o(.text)
    DMA1_Channel2_IRQHandler                 0x080014e7   Thumb Code     0  startup_stm32f10x_hd.o(.text)
    DMA1_Channel3_IRQHandler                 0x080014e7   Thumb Code     0  startup_stm32f10x_hd.o(.text)
    DMA1_Channel4_IRQHandler                 0x080014e7   Thumb Code     0  startup_stm32f10x_hd.o(.text)
    DMA1_Channel5_IRQHandler                 0x080014e7   Thumb Code     0  startup_stm32f10x_hd.o(.text)
    DMA1_Channel6_IRQHandler                 0x080014e7   Thumb Code     0  startup_stm32f10x_hd.o(.text)
    DMA1_Channel7_IRQHandler                 0x080014e7   Thumb Code     0  startup_stm32f10x_hd.o(.text)
    DMA2_Channel1_IRQHandler                 0x080014e7   Thumb Code     0  startup_stm32f10x_hd.o(.text)
    DMA2_Channel2_IRQHandler                 0x080014e7   Thumb Code     0  startup_stm32f10x_hd.o(.text)
    DMA2_Channel3_IRQHandler                 0x080014e7   Thumb Code     0  startup_stm32f10x_hd.o(.text)
    DMA2_Channel4_5_IRQHandler               0x080014e7   Thumb Code     0  startup_stm32f10x_hd.o(.text)
    EXTI0_IRQHandler                         0x080014e7   Thumb Code     0  startup_stm32f10x_hd.o(.text)
    EXTI15_10_IRQHandler                     0x080014e7   Thumb Code     0  startup_stm32f10x_hd.o(.text)
    EXTI1_IRQHandler                         0x080014e7   Thumb Code     0  startup_stm32f10x_hd.o(.text)
    EXTI2_IRQHandler                         0x080014e7   Thumb Code     0  startup_stm32f10x_hd.o(.text)
    EXTI3_IRQHandler                         0x080014e7   Thumb Code     0  startup_stm32f10x_hd.o(.text)
    EXTI4_IRQHandler                         0x080014e7   Thumb Code     0  startup_stm32f10x_hd.o(.text)
    EXTI9_5_IRQHandler                       0x080014e7   Thumb Code     0  startup_stm32f10x_hd.o(.text)
    FLASH_IRQHandler                         0x080014e7   Thumb Code     0  startup_stm32f10x_hd.o(.text)
    FSMC_IRQHandler                          0x080014e7   Thumb Code     0  startup_stm32f10x_hd.o(.text)
    I2C1_ER_IRQHandler                       0x080014e7   Thumb Code     0  startup_stm32f10x_hd.o(.text)
    I2C1_EV_IRQHandler                       0x080014e7   Thumb Code     0  startup_stm32f10x_hd.o(.text)
    I2C2_ER_IRQHandler                       0x080014e7   Thumb Code     0  startup_stm32f10x_hd.o(.text)
    I2C2_EV_IRQHandler                       0x080014e7   Thumb Code     0  startup_stm32f10x_hd.o(.text)
    PVD_IRQHandler                           0x080014e7   Thumb Code     0  startup_stm32f10x_hd.o(.text)
    RCC_IRQHandler                           0x080014e7   Thumb Code     0  startup_stm32f10x_hd.o(.text)
    RTCAlarm_IRQHandler                      0x080014e7   Thumb Code     0  startup_stm32f10x_hd.o(.text)
    RTC_IRQHandler                           0x080014e7   Thumb Code     0  startup_stm32f10x_hd.o(.text)
    SDIO_IRQHandler                          0x080014e7   Thumb Code     0  startup_stm32f10x_hd.o(.text)
    SPI1_IRQHandler                          0x080014e7   Thumb Code     0  startup_stm32f10x_hd.o(.text)
    SPI2_IRQHandler                          0x080014e7   Thumb Code     0  startup_stm32f10x_hd.o(.text)
    SPI3_IRQHandler                          0x080014e7   Thumb Code     0  startup_stm32f10x_hd.o(.text)
    TAMPER_IRQHandler                        0x080014e7   Thumb Code     0  startup_stm32f10x_hd.o(.text)
    TIM1_BRK_IRQHandler                      0x080014e7   Thumb Code     0  startup_stm32f10x_hd.o(.text)
    TIM1_CC_IRQHandler                       0x080014e7   Thumb Code     0  startup_stm32f10x_hd.o(.text)
    TIM1_TRG_COM_IRQHandler                  0x080014e7   Thumb Code     0  startup_stm32f10x_hd.o(.text)
    TIM1_UP_IRQHandler                       0x080014e7   Thumb Code     0  startup_stm32f10x_hd.o(.text)
    TIM3_IRQHandler                          0x080014e7   Thumb Code     0  startup_stm32f10x_hd.o(.text)
    TIM4_IRQHandler                          0x080014e7   Thumb Code     0  startup_stm32f10x_hd.o(.text)
    TIM5_IRQHandler                          0x080014e7   Thumb Code     0  startup_stm32f10x_hd.o(.text)
    TIM6_IRQHandler                          0x080014e7   Thumb Code     0  startup_stm32f10x_hd.o(.text)
    TIM7_IRQHandler                          0x080014e7   Thumb Code     0  startup_stm32f10x_hd.o(.text)
    TIM8_BRK_IRQHandler                      0x080014e7   Thumb Code     0  startup_stm32f10x_hd.o(.text)
    TIM8_CC_IRQHandler                       0x080014e7   Thumb Code     0  startup_stm32f10x_hd.o(.text)
    TIM8_TRG_COM_IRQHandler                  0x080014e7   Thumb Code     0  startup_stm32f10x_hd.o(.text)
    TIM8_UP_IRQHandler                       0x080014e7   Thumb Code     0  startup_stm32f10x_hd.o(.text)
    UART4_IRQHandler                         0x080014e7   Thumb Code     0  startup_stm32f10x_hd.o(.text)
    UART5_IRQHandler                         0x080014e7   Thumb Code     0  startup_stm32f10x_hd.o(.text)
    USART2_IRQHandler                        0x080014e7   Thumb Code     0  startup_stm32f10x_hd.o(.text)
    USART3_IRQHandler                        0x080014e7   Thumb Code     0  startup_stm32f10x_hd.o(.text)
    USBWakeUp_IRQHandler                     0x080014e7   Thumb Code     0  startup_stm32f10x_hd.o(.text)
    USB_HP_CAN1_TX_IRQHandler                0x080014e7   Thumb Code     0  startup_stm32f10x_hd.o(.text)
    USB_LP_CAN1_RX0_IRQHandler               0x080014e7   Thumb Code     0  startup_stm32f10x_hd.o(.text)
    WWDG_IRQHandler                          0x080014e7   Thumb Code     0  startup_stm32f10x_hd.o(.text)
    __user_initial_stackheap                 0x080014e9   Thumb Code     0  startup_stm32f10x_hd.o(.text)
    GPIO_DeInit                              0x0800150d   Thumb Code   172  stm32f10x_gpio.o(.text)
    GPIO_AFIODeInit                          0x080015b9   Thumb Code    20  stm32f10x_gpio.o(.text)
    GPIO_Init                                0x080015cd   Thumb Code   278  stm32f10x_gpio.o(.text)
    GPIO_StructInit                          0x080016e3   Thumb Code    16  stm32f10x_gpio.o(.text)
    GPIO_ReadInputDataBit                    0x080016f3   Thumb Code    18  stm32f10x_gpio.o(.text)
    GPIO_ReadInputData                       0x08001705   Thumb Code     8  stm32f10x_gpio.o(.text)
    GPIO_ReadOutputDataBit                   0x0800170d   Thumb Code    18  stm32f10x_gpio.o(.text)
    GPIO_ReadOutputData                      0x0800171f   Thumb Code     8  stm32f10x_gpio.o(.text)
    GPIO_SetBits                             0x08001727   Thumb Code     4  stm32f10x_gpio.o(.text)
    GPIO_ResetBits                           0x0800172b   Thumb Code     4  stm32f10x_gpio.o(.text)
    GPIO_WriteBit                            0x0800172f   Thumb Code    10  stm32f10x_gpio.o(.text)
    GPIO_Write                               0x08001739   Thumb Code     4  stm32f10x_gpio.o(.text)
    GPIO_PinLockConfig                       0x0800173d   Thumb Code    18  stm32f10x_gpio.o(.text)
    GPIO_EventOutputConfig                   0x0800174f   Thumb Code    26  stm32f10x_gpio.o(.text)
    GPIO_EventOutputCmd                      0x08001769   Thumb Code     6  stm32f10x_gpio.o(.text)
    GPIO_PinRemapConfig                      0x0800176f   Thumb Code   138  stm32f10x_gpio.o(.text)
    GPIO_EXTILineConfig                      0x080017f9   Thumb Code    66  stm32f10x_gpio.o(.text)
    GPIO_ETH_MediaInterfaceConfig            0x0800183b   Thumb Code     8  stm32f10x_gpio.o(.text)
    RCC_DeInit                               0x08001869   Thumb Code    64  stm32f10x_rcc.o(.text)
    RCC_HSEConfig                            0x080018a9   Thumb Code    70  stm32f10x_rcc.o(.text)
    RCC_GetFlagStatus                        0x080018ef   Thumb Code    56  stm32f10x_rcc.o(.text)
    RCC_WaitForHSEStartUp                    0x08001927   Thumb Code    56  stm32f10x_rcc.o(.text)
    RCC_AdjustHSICalibrationValue            0x0800195f   Thumb Code    20  stm32f10x_rcc.o(.text)
    RCC_HSICmd                               0x08001973   Thumb Code     6  stm32f10x_rcc.o(.text)
    RCC_PLLConfig                            0x08001979   Thumb Code    24  stm32f10x_rcc.o(.text)
    RCC_PLLCmd                               0x08001991   Thumb Code     6  stm32f10x_rcc.o(.text)
    RCC_SYSCLKConfig                         0x08001997   Thumb Code    18  stm32f10x_rcc.o(.text)
    RCC_GetSYSCLKSource                      0x080019a9   Thumb Code    10  stm32f10x_rcc.o(.text)
    RCC_HCLKConfig                           0x080019b3   Thumb Code    18  stm32f10x_rcc.o(.text)
    RCC_PCLK1Config                          0x080019c5   Thumb Code    18  stm32f10x_rcc.o(.text)
    RCC_PCLK2Config                          0x080019d7   Thumb Code    20  stm32f10x_rcc.o(.text)
    RCC_ITConfig                             0x080019eb   Thumb Code    26  stm32f10x_rcc.o(.text)
    RCC_USBCLKConfig                         0x08001a05   Thumb Code     8  stm32f10x_rcc.o(.text)
    RCC_ADCCLKConfig                         0x08001a0d   Thumb Code    18  stm32f10x_rcc.o(.text)
    RCC_LSEConfig                            0x08001a1f   Thumb Code    50  stm32f10x_rcc.o(.text)
    RCC_LSICmd                               0x08001a51   Thumb Code     6  stm32f10x_rcc.o(.text)
    RCC_RTCCLKConfig                         0x08001a57   Thumb Code    12  stm32f10x_rcc.o(.text)
    RCC_RTCCLKCmd                            0x08001a63   Thumb Code     8  stm32f10x_rcc.o(.text)
    RCC_GetClocksFreq                        0x08001a6b   Thumb Code   192  stm32f10x_rcc.o(.text)
    RCC_AHBPeriphClockCmd                    0x08001b2b   Thumb Code    26  stm32f10x_rcc.o(.text)
    RCC_APB2PeriphClockCmd                   0x08001b45   Thumb Code    26  stm32f10x_rcc.o(.text)
    RCC_APB1PeriphClockCmd                   0x08001b5f   Thumb Code    26  stm32f10x_rcc.o(.text)
    RCC_APB2PeriphResetCmd                   0x08001b79   Thumb Code    26  stm32f10x_rcc.o(.text)
    RCC_APB1PeriphResetCmd                   0x08001b93   Thumb Code    26  stm32f10x_rcc.o(.text)
    RCC_BackupResetCmd                       0x08001bad   Thumb Code     8  stm32f10x_rcc.o(.text)
    RCC_ClockSecuritySystemCmd               0x08001bb5   Thumb Code     6  stm32f10x_rcc.o(.text)
    RCC_MCOConfig                            0x08001bbb   Thumb Code     6  stm32f10x_rcc.o(.text)
    RCC_ClearFlag                            0x08001bc1   Thumb Code    14  stm32f10x_rcc.o(.text)
    RCC_GetITStatus                          0x08001bcf   Thumb Code    20  stm32f10x_rcc.o(.text)
    RCC_ClearITPendingBit                    0x08001be3   Thumb Code     6  stm32f10x_rcc.o(.text)
    USART_DeInit                             0x08001c0d   Thumb Code   134  stm32f10x_usart.o(.text)
    USART_Init                               0x08001c93   Thumb Code   210  stm32f10x_usart.o(.text)
    USART_StructInit                         0x08001d65   Thumb Code    24  stm32f10x_usart.o(.text)
    USART_ClockInit                          0x08001d7d   Thumb Code    34  stm32f10x_usart.o(.text)
    USART_ClockStructInit                    0x08001d9f   Thumb Code    12  stm32f10x_usart.o(.text)
    USART_Cmd                                0x08001dab   Thumb Code    24  stm32f10x_usart.o(.text)
    USART_ITConfig                           0x08001dc3   Thumb Code    74  stm32f10x_usart.o(.text)
    USART_DMACmd                             0x08001e0d   Thumb Code    18  stm32f10x_usart.o(.text)
    USART_SetAddress                         0x08001e1f   Thumb Code    18  stm32f10x_usart.o(.text)
    USART_WakeUpConfig                       0x08001e31   Thumb Code    18  stm32f10x_usart.o(.text)
    USART_ReceiverWakeUpCmd                  0x08001e43   Thumb Code    24  stm32f10x_usart.o(.text)
    USART_LINBreakDetectLengthConfig         0x08001e5b   Thumb Code    18  stm32f10x_usart.o(.text)
    USART_LINCmd                             0x08001e6d   Thumb Code    24  stm32f10x_usart.o(.text)
    USART_SendData                           0x08001e85   Thumb Code     8  stm32f10x_usart.o(.text)
    USART_ReceiveData                        0x08001e8d   Thumb Code    10  stm32f10x_usart.o(.text)
    USART_SendBreak                          0x08001e97   Thumb Code    10  stm32f10x_usart.o(.text)
    USART_SetGuardTime                       0x08001ea1   Thumb Code    16  stm32f10x_usart.o(.text)
    USART_SetPrescaler                       0x08001eb1   Thumb Code    16  stm32f10x_usart.o(.text)
    USART_SmartCardCmd                       0x08001ec1   Thumb Code    24  stm32f10x_usart.o(.text)
    USART_SmartCardNACKCmd                   0x08001ed9   Thumb Code    24  stm32f10x_usart.o(.text)
    USART_HalfDuplexCmd                      0x08001ef1   Thumb Code    24  stm32f10x_usart.o(.text)
    USART_OverSampling8Cmd                   0x08001f09   Thumb Code    22  stm32f10x_usart.o(.text)
    USART_OneBitMethodCmd                    0x08001f1f   Thumb Code    24  stm32f10x_usart.o(.text)
    USART_IrDAConfig                         0x08001f37   Thumb Code    18  stm32f10x_usart.o(.text)
    USART_IrDACmd                            0x08001f49   Thumb Code    24  stm32f10x_usart.o(.text)
    USART_GetFlagStatus                      0x08001f61   Thumb Code    26  stm32f10x_usart.o(.text)
    USART_ClearFlag                          0x08001f7b   Thumb Code    18  stm32f10x_usart.o(.text)
    USART_GetITStatus                        0x08001f8d   Thumb Code    84  stm32f10x_usart.o(.text)
    USART_ClearITPendingBit                  0x08001fe1   Thumb Code    52  stm32f10x_usart.o(.text)
    NVIC_PriorityGroupConfig                 0x08002015   Thumb Code    10  misc.o(.text)
    NVIC_Init                                0x0800201f   Thumb Code   100  misc.o(.text)
    NVIC_SetVectorTable                      0x08002083   Thumb Code    14  misc.o(.text)
    NVIC_SystemLPConfig                      0x08002091   Thumb Code    34  misc.o(.text)
    SysTick_CLKSourceConfig                  0x080020b3   Thumb Code    40  misc.o(.text)
    TIM_DeInit                               0x080020f1   Thumb Code   424  stm32f10x_tim.o(.text)
    TIM_TimeBaseInit                         0x08002299   Thumb Code   122  stm32f10x_tim.o(.text)
    TIM_OC1Init                              0x08002313   Thumb Code   132  stm32f10x_tim.o(.text)
    TIM_OC2Init                              0x08002397   Thumb Code   154  stm32f10x_tim.o(.text)
    TIM_OC3Init                              0x08002431   Thumb Code   150  stm32f10x_tim.o(.text)
    TIM_OC4Init                              0x080024c7   Thumb Code   182  stm32f10x_tim.o(.text)
    TIM_SetIC4Prescaler                      0x0800257d   Thumb Code    26  stm32f10x_tim.o(.text)
    TIM_SetIC3Prescaler                      0x08002619   Thumb Code    18  stm32f10x_tim.o(.text)
    TIM_SetIC2Prescaler                      0x080026a5   Thumb Code    26  stm32f10x_tim.o(.text)
    TIM_SetIC1Prescaler                      0x08002741   Thumb Code    18  stm32f10x_tim.o(.text)
    TIM_ICInit                               0x080027bf   Thumb Code   150  stm32f10x_tim.o(.text)
    TIM_PWMIConfig                           0x08002855   Thumb Code   124  stm32f10x_tim.o(.text)
    TIM_BDTRConfig                           0x080028d1   Thumb Code    32  stm32f10x_tim.o(.text)
    TIM_TimeBaseStructInit                   0x080028f1   Thumb Code    18  stm32f10x_tim.o(.text)
    TIM_OCStructInit                         0x08002903   Thumb Code    20  stm32f10x_tim.o(.text)
    TIM_ICStructInit                         0x08002917   Thumb Code    18  stm32f10x_tim.o(.text)
    TIM_BDTRStructInit                       0x08002929   Thumb Code    40  stm32f10x_tim.o(.text)
    TIM_Cmd                                  0x08002951   Thumb Code    24  stm32f10x_tim.o(.text)
    TIM_CtrlPWMOutputs                       0x08002969   Thumb Code    30  stm32f10x_tim.o(.text)
    TIM_ITConfig                             0x08002987   Thumb Code    18  stm32f10x_tim.o(.text)
    TIM_GenerateEvent                        0x08002999   Thumb Code     4  stm32f10x_tim.o(.text)
    TIM_DMAConfig                            0x0800299d   Thumb Code    10  stm32f10x_tim.o(.text)
    TIM_DMACmd                               0x080029a7   Thumb Code    18  stm32f10x_tim.o(.text)
    TIM_InternalClockConfig                  0x080029b9   Thumb Code    12  stm32f10x_tim.o(.text)
    TIM_SelectInputTrigger                   0x080029c5   Thumb Code    18  stm32f10x_tim.o(.text)
    TIM_ITRxExternalClockConfig              0x080029d7   Thumb Code    24  stm32f10x_tim.o(.text)
    TIM_TIxExternalClockConfig               0x080029ef   Thumb Code    62  stm32f10x_tim.o(.text)
    TIM_ETRConfig                            0x08002a2d   Thumb Code    28  stm32f10x_tim.o(.text)
    TIM_ETRClockmode1Config                  0x08002a49   Thumb Code    54  stm32f10x_tim.o(.text)
    TIM_ETRClockmode2Config                  0x08002a7f   Thumb Code    32  stm32f10x_tim.o(.text)
    TIM_PrescalerConfig                      0x08002a9f   Thumb Code     6  stm32f10x_tim.o(.text)
    TIM_CountermodeConfig                    0x08002aa5   Thumb Code    18  stm32f10x_tim.o(.text)
    TIM_EncoderInterfaceConfig               0x08002ab7   Thumb Code    66  stm32f10x_tim.o(.text)
    TIM_ForcedOC1Config                      0x08002af9   Thumb Code    18  stm32f10x_tim.o(.text)
    TIM_ForcedOC2Config                      0x08002b0b   Thumb Code    26  stm32f10x_tim.o(.text)
    TIM_ForcedOC3Config                      0x08002b25   Thumb Code    18  stm32f10x_tim.o(.text)
    TIM_ForcedOC4Config                      0x08002b37   Thumb Code    26  stm32f10x_tim.o(.text)
    TIM_ARRPreloadConfig                     0x08002b51   Thumb Code    24  stm32f10x_tim.o(.text)
    TIM_SelectCOM                            0x08002b69   Thumb Code    24  stm32f10x_tim.o(.text)
    TIM_SelectCCDMA                          0x08002b81   Thumb Code    24  stm32f10x_tim.o(.text)
    TIM_CCPreloadControl                     0x08002b99   Thumb Code    24  stm32f10x_tim.o(.text)
    TIM_OC1PreloadConfig                     0x08002bb1   Thumb Code    18  stm32f10x_tim.o(.text)
    TIM_OC2PreloadConfig                     0x08002bc3   Thumb Code    26  stm32f10x_tim.o(.text)
    TIM_OC3PreloadConfig                     0x08002bdd   Thumb Code    18  stm32f10x_tim.o(.text)
    TIM_OC4PreloadConfig                     0x08002bef   Thumb Code    26  stm32f10x_tim.o(.text)
    TIM_OC1FastConfig                        0x08002c09   Thumb Code    18  stm32f10x_tim.o(.text)
    TIM_OC2FastConfig                        0x08002c1b   Thumb Code    26  stm32f10x_tim.o(.text)
    TIM_OC3FastConfig                        0x08002c35   Thumb Code    18  stm32f10x_tim.o(.text)
    TIM_OC4FastConfig                        0x08002c47   Thumb Code    26  stm32f10x_tim.o(.text)
    TIM_ClearOC1Ref                          0x08002c61   Thumb Code    18  stm32f10x_tim.o(.text)
    TIM_ClearOC2Ref                          0x08002c73   Thumb Code    24  stm32f10x_tim.o(.text)
    TIM_ClearOC3Ref                          0x08002c8b   Thumb Code    18  stm32f10x_tim.o(.text)
    TIM_ClearOC4Ref                          0x08002c9d   Thumb Code    24  stm32f10x_tim.o(.text)
    TIM_OC1PolarityConfig                    0x08002cb5   Thumb Code    18  stm32f10x_tim.o(.text)
    TIM_OC1NPolarityConfig                   0x08002cc7   Thumb Code    18  stm32f10x_tim.o(.text)
    TIM_OC2PolarityConfig                    0x08002cd9   Thumb Code    26  stm32f10x_tim.o(.text)
    TIM_OC2NPolarityConfig                   0x08002cf3   Thumb Code    26  stm32f10x_tim.o(.text)
    TIM_OC3PolarityConfig                    0x08002d0d   Thumb Code    26  stm32f10x_tim.o(.text)
    TIM_OC3NPolarityConfig                   0x08002d27   Thumb Code    26  stm32f10x_tim.o(.text)
    TIM_OC4PolarityConfig                    0x08002d41   Thumb Code    26  stm32f10x_tim.o(.text)
    TIM_CCxCmd                               0x08002d5b   Thumb Code    30  stm32f10x_tim.o(.text)
    TIM_CCxNCmd                              0x08002d79   Thumb Code    30  stm32f10x_tim.o(.text)
    TIM_SelectOCxM                           0x08002d97   Thumb Code    82  stm32f10x_tim.o(.text)
    TIM_UpdateDisableConfig                  0x08002de9   Thumb Code    24  stm32f10x_tim.o(.text)
    TIM_UpdateRequestConfig                  0x08002e01   Thumb Code    24  stm32f10x_tim.o(.text)
    TIM_SelectHallSensor                     0x08002e19   Thumb Code    24  stm32f10x_tim.o(.text)
    TIM_SelectOnePulsemode                   0x08002e31   Thumb Code    18  stm32f10x_tim.o(.text)
    TIM_SelectOutputTrigger                  0x08002e43   Thumb Code    18  stm32f10x_tim.o(.text)
    TIM_SelectSlavemode                      0x08002e55   Thumb Code    18  stm32f10x_tim.o(.text)
    TIM_SelectMasterSlavemode                0x08002e67   Thumb Code    18  stm32f10x_tim.o(.text)
    TIM_SetCounter                           0x08002e79   Thumb Code     4  stm32f10x_tim.o(.text)
    TIM_SetAutoreload                        0x08002e7d   Thumb Code     4  stm32f10x_tim.o(.text)
    TIM_SetCompare1                          0x08002e81   Thumb Code     4  stm32f10x_tim.o(.text)
    TIM_SetCompare2                          0x08002e85   Thumb Code     4  stm32f10x_tim.o(.text)
    TIM_SetCompare3                          0x08002e89   Thumb Code     4  stm32f10x_tim.o(.text)
    TIM_SetCompare4                          0x08002e8d   Thumb Code     6  stm32f10x_tim.o(.text)
    TIM_SetClockDivision                     0x08002e93   Thumb Code    18  stm32f10x_tim.o(.text)
    TIM_GetCapture1                          0x08002ea5   Thumb Code     6  stm32f10x_tim.o(.text)
    TIM_GetCapture2                          0x08002eab   Thumb Code     6  stm32f10x_tim.o(.text)
    TIM_GetCapture3                          0x08002eb1   Thumb Code     6  stm32f10x_tim.o(.text)
    TIM_GetCapture4                          0x08002eb7   Thumb Code     8  stm32f10x_tim.o(.text)
    TIM_GetCounter                           0x08002ebf   Thumb Code     6  stm32f10x_tim.o(.text)
    TIM_GetPrescaler                         0x08002ec5   Thumb Code     6  stm32f10x_tim.o(.text)
    TIM_GetFlagStatus                        0x08002ecb   Thumb Code    18  stm32f10x_tim.o(.text)
    TIM_ClearFlag                            0x08002edd   Thumb Code     6  stm32f10x_tim.o(.text)
    TIM_GetITStatus                          0x08002ee3   Thumb Code    34  stm32f10x_tim.o(.text)
    TIM_ClearITPendingBit                    0x08002f05   Thumb Code     6  stm32f10x_tim.o(.text)
    __use_no_semihosting                     0x08002f0b   Thumb Code     2  use_no_semi_2.o(.text)
    __2printf                                0x08002f0d   Thumb Code    20  noretval__2printf.o(.text)
    __printf                                 0x08002f25   Thumb Code   104  __printf.o(.text)
    _printf_str                              0x08002f8d   Thumb Code    82  _printf_str.o(.text)
    _printf_int_dec                          0x08002fe1   Thumb Code   100  _printf_dec.o(.text)
    _printf_int_hex                          0x08003055   Thumb Code    84  _printf_hex_int.o(.text)
    _printf_longlong_hex                     0x08003055   Thumb Code     0  _printf_hex_int.o(.text)
    strstr                                   0x080030ad   Thumb Code    36  strstr.o(.text)
    __aeabi_memclr4                          0x080030d1   Thumb Code     0  rt_memclr_w.o(.text)
    __aeabi_memclr8                          0x080030d1   Thumb Code     0  rt_memclr_w.o(.text)
    __rt_memclr_w                            0x080030d1   Thumb Code    78  rt_memclr_w.o(.text)
    _memset_w                                0x080030d5   Thumb Code     0  rt_memclr_w.o(.text)
    __use_two_region_memory                  0x0800311f   Thumb Code     2  heapauxi.o(.text)
    __rt_heap_escrow$2region                 0x08003121   Thumb Code     2  heapauxi.o(.text)
    __rt_heap_expand$2region                 0x08003123   Thumb Code     2  heapauxi.o(.text)
    __I$use$semihosting                      0x08003125   Thumb Code     0  use_no_semi.o(.text)
    __use_no_semihosting_swi                 0x08003125   Thumb Code     2  use_no_semi.o(.text)
    _printf_int_common                       0x08003127   Thumb Code   178  _printf_intcommon.o(.text)
    _printf_cs_common                        0x080031d9   Thumb Code    20  _printf_char.o(.text)
    _printf_char                             0x080031ed   Thumb Code    16  _printf_char.o(.text)
    _printf_string                           0x080031fd   Thumb Code     8  _printf_char.o(.text)
    _printf_char_file                        0x08003205   Thumb Code    32  _printf_char_file.o(.text)
    _printf_char_common                      0x08003233   Thumb Code    32  _printf_char_common.o(.text)
    ferror                                   0x08003259   Thumb Code     8  ferror.o(.text)
    __user_setup_stackheap                   0x08003261   Thumb Code    74  sys_stackheap_outer.o(.text)
    exit                                     0x080032ab   Thumb Code    12  exit.o(.text)
    __user_libspace                          0x080032b9   Thumb Code     8  libspace.o(.text)
    __user_perproc_libspace                  0x080032b9   Thumb Code     0  libspace.o(.text)
    __user_perthread_libspace                0x080032b9   Thumb Code     0  libspace.o(.text)
    __aeabi_ddiv                             0x080032c1   Thumb Code     0  ddiv.o(x$fpl$ddiv)
    _ddiv                                    0x080032c1   Thumb Code   552  ddiv.o(x$fpl$ddiv)
    __aeabi_d2iz                             0x08003571   Thumb Code     0  dfix.o(x$fpl$dfix)
    _dfix                                    0x08003571   Thumb Code    94  dfix.o(x$fpl$dfix)
    __aeabi_ui2d                             0x080035cf   Thumb Code     0  dflt_clz.o(x$fpl$dfltu)
    _dfltu                                   0x080035cf   Thumb Code    38  dflt_clz.o(x$fpl$dfltu)
    __aeabi_dmul                             0x080035f5   Thumb Code     0  dmul.o(x$fpl$dmul)
    _dmul                                    0x080035f5   Thumb Code   332  dmul.o(x$fpl$dmul)
    __fpl_dnaninf                            0x08003749   Thumb Code   156  dnaninf.o(x$fpl$dnaninf)
    __fpl_dretinf                            0x080037e5   Thumb Code    12  dretinf.o(x$fpl$dretinf)
    __aeabi_f2d                              0x080037f1   Thumb Code     0  f2d.o(x$fpl$f2d)
    _f2d                                     0x080037f1   Thumb Code    86  f2d.o(x$fpl$f2d)
    __fpl_fnaninf                            0x08003847   Thumb Code   140  fnaninf.o(x$fpl$fnaninf)
    __I$use$fp                               0x080038d2   Number         0  usenofp.o(x$fpl$usenofp)
    Region$$Table$$Base                      0x080038fc   Number         0  anon$$obj.o(Region$$Table)
    Region$$Table$$Limit                     0x0800391c   Number         0  anon$$obj.o(Region$$Table)
    MAIN_FLAG_READSM_STATE                   0x20000004   Data           1  main.o(.data)
    FLAG_GSM_DATA_COMING                     0x20000005   Data           1  main.o(.data)
    SMSLocationMode                          0x20000006   Data           1  main.o(.data)
    actualMotorSpeedMax                      0x20000008   Data           4  main.o(.data)
    FREQUERY_SIHGLE                          0x2000000c   Data           2  main.o(.data)
    FLAG_SENSESPEED_CMD                      0x2000000e   Data           1  main.o(.data)
    FLAG_SMS_CMD                             0x2000000f   Data           1  main.o(.data)
    SystemCoreClock                          0x20000010   Data           4  system_stm32f10x.o(.data)
    AHBPrescTable                            0x20000014   Data          16  system_stm32f10x.o(.data)
    SIM900_GPRS_OK                           0x20000025   Data           3  gprs.o(.data)
    SIM900_CGCLASS                           0x20000028   Data          15  gprs.o(.data)
    SIM900_CGATT                             0x20000037   Data          11  gprs.o(.data)
    SIM900_CGDCONT                           0x20000042   Data          26  gprs.o(.data)
    SIM900_CIPCSGP                           0x2000005c   Data          21  gprs.o(.data)
    SIM900_CONNECTOK                         0x20000071   Data          11  gprs.o(.data)
    SIM900_SEND                              0x2000007c   Data          11  gprs.o(.data)
    SIM900_CIPSTART                          0x20000087   Data          18  gprs.o(.data)
    SIM900_CLPORT                            0x20000099   Data          23  gprs.o(.data)
    SIM900_CIPSEND                           0x200000b0   Data          11  gprs.o(.data)
    SIM900_CHECKCODE_CIPSEND_RETURN          0x200000bb   Data           2  gprs.o(.data)
    SIM900_CHECKCODE_GSM_SEND_OK             0x200000bd   Data           8  gprs.o(.data)
    SIM900_ENDOFSENDGSM                      0x200000c5   Data           1  gprs.o(.data)
    FLAG_WHEN_Execute_EstabTCPLink           0x200000c6   Data           1  gprs.o(.data)
    Counter_Now_Captured                     0x200000c8   Data           2  speedsense.o(.data)
    FLAG_Capture                             0x200000ca   Data           2  speedsense.o(.data)
    SUM_TIMER_COUNTER                        0x200000cc   Data           2  speedsense.o(.data)
    FREQUERY_SUM                             0x200000ce   Data           2  speedsense.o(.data)
    SIM900_OK                                0x200000d0   Data           3  sim900sms.o(.data)
    SIM900_AT                                0x200000d3   Data           3  sim900sms.o(.data)
    SIM900_CSCS                              0x200000d6   Data          14  sim900sms.o(.data)
    SIM900_SMSRETURN                         0x200000e4   Data           2  sim900sms.o(.data)
    SIM900_SMSREAD                           0x200000e6   Data           6  sim900sms.o(.data)
    SIM900_SMSREADCONT                       0x200000ec   Data           5  sim900sms.o(.data)
    SIM900_TEST                              0x200000f1   Data           5  sim900sms.o(.data)
    SIM900_READTEXTCMD                       0x200000f6   Data           9  sim900sms.o(.data)
    __stdout                                 0x20000104   Data           4  usart.o(.data)
    USART_RX_STA                             0x20000108   Data           2  usart.o(.data)
    Res                                      0x2000010a   Data           1  usart.o(.data)
    i                                        0x2000010b   Data           1  usart.o(.data)
    FLAG_SM_Received                         0x2000010c   Data           1  usart.o(.data)
    FLAG_OK                                  0x2000010d   Data           1  usart.o(.data)
    FLAG_GSM_CONNECTED                       0x2000010e   Data           1  usart.o(.data)
    SMContentArray                           0x20000150   Data          20  main.o(.bss)
    TIM2_ICInitStructure                     0x20000164   Data          10  speedsense.o(.bss)
    USART_RX_BUF                             0x2000016e   Data         100  usart.o(.bss)
    __libspace_start                         0x200001d4   Data          96  libspace.o(.bss)
    __temporary_stack_top$libspace           0x20000234   Data           0  libspace.o(.bss)



==============================================================================

Memory Map of the image

  Image Entry point : 0x08000131

  Load Region LR_IROM1 (Base: 0x08000000, Size: 0x00003a40, Max: 0x00040000, ABSOLUTE)

    Execution Region ER_IROM1 (Base: 0x08000000, Size: 0x0000391c, Max: 0x00040000, ABSOLUTE)

    Base Addr    Size         Type   Attr      Idx    E Section Name        Object

    0x08000000   0x00000130   Data   RO          313    RESET               startup_stm32f10x_hd.o
    0x08000130   0x00000008   Code   RO          445  * !!!main             c_w.l(__main.o)
    0x08000138   0x00000034   Code   RO          647    !!!scatter          c_w.l(__scatter.o)
    0x0800016c   0x0000001a   Code   RO          649    !!handler_copy      c_w.l(__scatter_copy.o)
    0x08000186   0x00000002   PAD
    0x08000188   0x0000001c   Code   RO          651    !!handler_zi        c_w.l(__scatter_zi.o)
    0x080001a4   0x00000000   Code   RO          438    .ARM.Collect$$_printf_percent$$00000000  c_w.l(_printf_percent.o)
    0x080001a4   0x00000006   Code   RO          437    .ARM.Collect$$_printf_percent$$00000009  c_w.l(_printf_d.o)
    0x080001aa   0x00000006   Code   RO          436    .ARM.Collect$$_printf_percent$$0000000C  c_w.l(_printf_x.o)
    0x080001b0   0x00000006   Code   RO          435    .ARM.Collect$$_printf_percent$$00000014  c_w.l(_printf_s.o)
    0x080001b6   0x00000004   Code   RO          484    .ARM.Collect$$_printf_percent$$00000017  c_w.l(_printf_percent_end.o)
    0x080001ba   0x00000002   Code   RO          524    .ARM.Collect$$libinit$$00000000  c_w.l(libinit.o)
    0x080001bc   0x00000000   Code   RO          531    .ARM.Collect$$libinit$$00000002  c_w.l(libinit2.o)
    0x080001bc   0x00000000   Code   RO          534    .ARM.Collect$$libinit$$00000008  c_w.l(libinit2.o)
    0x080001bc   0x00000000   Code   RO          536    .ARM.Collect$$libinit$$0000000A  c_w.l(libinit2.o)
    0x080001bc   0x00000000   Code   RO          538    .ARM.Collect$$libinit$$0000000C  c_w.l(libinit2.o)
    0x080001bc   0x00000000   Code   RO          541    .ARM.Collect$$libinit$$0000000F  c_w.l(libinit2.o)
    0x080001bc   0x00000000   Code   RO          543    .ARM.Collect$$libinit$$00000011  c_w.l(libinit2.o)
    0x080001bc   0x00000000   Code   RO          545    .ARM.Collect$$libinit$$00000013  c_w.l(libinit2.o)
    0x080001bc   0x00000000   Code   RO          547    .ARM.Collect$$libinit$$00000015  c_w.l(libinit2.o)
    0x080001bc   0x00000000   Code   RO          549    .ARM.Collect$$libinit$$00000017  c_w.l(libinit2.o)
    0x080001bc   0x00000000   Code   RO          551    .ARM.Collect$$libinit$$00000019  c_w.l(libinit2.o)
    0x080001bc   0x00000000   Code   RO          553    .ARM.Collect$$libinit$$0000001B  c_w.l(libinit2.o)
    0x080001bc   0x00000000   Code   RO          555    .ARM.Collect$$libinit$$0000001D  c_w.l(libinit2.o)
    0x080001bc   0x00000000   Code   RO          557    .ARM.Collect$$libinit$$0000001F  c_w.l(libinit2.o)
    0x080001bc   0x00000000   Code   RO          559    .ARM.Collect$$libinit$$00000021  c_w.l(libinit2.o)
    0x080001bc   0x00000000   Code   RO          561    .ARM.Collect$$libinit$$00000023  c_w.l(libinit2.o)
    0x080001bc   0x00000000   Code   RO          565    .ARM.Collect$$libinit$$0000002A  c_w.l(libinit2.o)
    0x080001bc   0x00000000   Code   RO          567    .ARM.Collect$$libinit$$0000002C  c_w.l(libinit2.o)
    0x080001bc   0x00000000   Code   RO          569    .ARM.Collect$$libinit$$0000002E  c_w.l(libinit2.o)
    0x080001bc   0x00000000   Code   RO          571    .ARM.Collect$$libinit$$00000030  c_w.l(libinit2.o)
    0x080001bc   0x00000002   Code   RO          572    .ARM.Collect$$libinit$$00000031  c_w.l(libinit2.o)
    0x080001be   0x00000002   Code   RO          590    .ARM.Collect$$libshutdown$$00000000  c_w.l(libshutdown.o)
    0x080001c0   0x00000000   Code   RO          601    .ARM.Collect$$libshutdown$$00000003  c_w.l(libshutdown2.o)
    0x080001c0   0x00000000   Code   RO          604    .ARM.Collect$$libshutdown$$00000006  c_w.l(libshutdown2.o)
    0x080001c0   0x00000000   Code   RO          607    .ARM.Collect$$libshutdown$$00000009  c_w.l(libshutdown2.o)
    0x080001c0   0x00000000   Code   RO          609    .ARM.Collect$$libshutdown$$0000000B  c_w.l(libshutdown2.o)
    0x080001c0   0x00000000   Code   RO          612    .ARM.Collect$$libshutdown$$0000000E  c_w.l(libshutdown2.o)
    0x080001c0   0x00000002   Code   RO          613    .ARM.Collect$$libshutdown$$0000000F  c_w.l(libshutdown2.o)
    0x080001c2   0x00000000   Code   RO          477    .ARM.Collect$$rtentry$$00000000  c_w.l(rtentry.o)
    0x080001c2   0x00000000   Code   RO          493    .ARM.Collect$$rtentry$$00000002  c_w.l(rtentry2.o)
    0x080001c2   0x00000006   Code   RO          505    .ARM.Collect$$rtentry$$00000004  c_w.l(rtentry4.o)
    0x080001c8   0x00000000   Code   RO          495    .ARM.Collect$$rtentry$$00000009  c_w.l(rtentry2.o)
    0x080001c8   0x00000004   Code   RO          496    .ARM.Collect$$rtentry$$0000000A  c_w.l(rtentry2.o)
    0x080001cc   0x00000000   Code   RO          498    .ARM.Collect$$rtentry$$0000000C  c_w.l(rtentry2.o)
    0x080001cc   0x00000008   Code   RO          499    .ARM.Collect$$rtentry$$0000000D  c_w.l(rtentry2.o)
    0x080001d4   0x00000002   Code   RO          528    .ARM.Collect$$rtexit$$00000000  c_w.l(rtexit.o)
    0x080001d6   0x00000000   Code   RO          574    .ARM.Collect$$rtexit$$00000002  c_w.l(rtexit2.o)
    0x080001d6   0x00000004   Code   RO          575    .ARM.Collect$$rtexit$$00000003  c_w.l(rtexit2.o)
    0x080001da   0x00000006   Code   RO          576    .ARM.Collect$$rtexit$$00000004  c_w.l(rtexit2.o)
    0x080001e0   0x00000278   Code   RO            1    .text               main.o
    0x08000458   0x0000001a   Code   RO           92    .text               stm32f10x_it.o
    0x08000472   0x00000002   PAD
    0x08000474   0x000001e0   Code   RO          124    .text               system_stm32f10x.o
    0x08000654   0x0000010c   Code   RO          142    .text               led.o
    0x08000760   0x000000fc   Code   RO          154    .text               key.o
    0x0800085c   0x00000238   Code   RO          167    .text               gprs.o
    0x08000a94   0x000000fc   Code   RO          201    .text               motor.o
    0x08000b90   0x00000188   Code   RO          214    .text               speedsense.o
    0x08000d18   0x000002f8   Code   RO          231    .text               sim900sms.o
    0x08001010   0x000000d4   Code   RO          250    .text               delay.o
    0x080010e4   0x0000000c   Code   RO          264    .text               sys.o
    0x080010f0   0x000003dc   Code   RO          276    .text               usart.o
    0x080014cc   0x00000040   Code   RO          314    .text               startup_stm32f10x_hd.o
    0x0800150c   0x0000035c   Code   RO          318    .text               stm32f10x_gpio.o
    0x08001868   0x000003a4   Code   RO          330    .text               stm32f10x_rcc.o
    0x08001c0c   0x00000408   Code   RO          344    .text               stm32f10x_usart.o
    0x08002014   0x000000dc   Code   RO          356    .text               misc.o
    0x080020f0   0x00000e1a   Code   RO          368    .text               stm32f10x_tim.o
    0x08002f0a   0x00000002   Code   RO          382    .text               c_w.l(use_no_semi_2.o)
    0x08002f0c   0x00000018   Code   RO          386    .text               c_w.l(noretval__2printf.o)
    0x08002f24   0x00000068   Code   RO          388    .text               c_w.l(__printf.o)
    0x08002f8c   0x00000052   Code   RO          390    .text               c_w.l(_printf_str.o)
    0x08002fde   0x00000002   PAD
    0x08002fe0   0x00000074   Code   RO          392    .text               c_w.l(_printf_dec.o)
    0x08003054   0x00000058   Code   RO          397    .text               c_w.l(_printf_hex_int.o)
    0x080030ac   0x00000024   Code   RO          439    .text               c_w.l(strstr.o)
    0x080030d0   0x0000004e   Code   RO          441    .text               c_w.l(rt_memclr_w.o)
    0x0800311e   0x00000006   Code   RO          443    .text               c_w.l(heapauxi.o)
    0x08003124   0x00000002   Code   RO          475    .text               c_w.l(use_no_semi.o)
    0x08003126   0x000000b2   Code   RO          478    .text               c_w.l(_printf_intcommon.o)
    0x080031d8   0x0000002c   Code   RO          480    .text               c_w.l(_printf_char.o)
    0x08003204   0x00000024   Code   RO          482    .text               c_w.l(_printf_char_file.o)
    0x08003228   0x00000030   Code   RO          507    .text               c_w.l(_printf_char_common.o)
    0x08003258   0x00000008   Code   RO          509    .text               c_w.l(ferror.o)
    0x08003260   0x0000004a   Code   RO          513    .text               c_w.l(sys_stackheap_outer.o)
    0x080032aa   0x0000000c   Code   RO          517    .text               c_w.l(exit.o)
    0x080032b6   0x00000002   PAD
    0x080032b8   0x00000008   Code   RO          525    .text               c_w.l(libspace.o)
    0x080032c0   0x000002b0   Code   RO          454    x$fpl$ddiv          fz_ws.l(ddiv.o)
    0x08003570   0x0000005e   Code   RO          457    x$fpl$dfix          fz_ws.l(dfix.o)
    0x080035ce   0x00000026   Code   RO          465    x$fpl$dfltu         fz_ws.l(dflt_clz.o)
    0x080035f4   0x00000154   Code   RO          471    x$fpl$dmul          fz_ws.l(dmul.o)
    0x08003748   0x0000009c   Code   RO          485    x$fpl$dnaninf       fz_ws.l(dnaninf.o)
    0x080037e4   0x0000000c   Code   RO          487    x$fpl$dretinf       fz_ws.l(dretinf.o)
    0x080037f0   0x00000056   Code   RO          473    x$fpl$f2d           fz_ws.l(f2d.o)
    0x08003846   0x0000008c   Code   RO          489    x$fpl$fnaninf       fz_ws.l(fnaninf.o)
    0x080038d2   0x00000000   Code   RO          491    x$fpl$usenofp       fz_ws.l(usenofp.o)
    0x080038d2   0x00000028   Data   RO          398    .constdata          c_w.l(_printf_hex_int.o)
    0x080038fa   0x00000002   PAD
    0x080038fc   0x00000020   Data   RO          645    Region$$Table       anon$$obj.o


    Execution Region RW_IRAM1 (Base: 0x20000000, Size: 0x00000838, Max: 0x0000c000, ABSOLUTE)

    Base Addr    Size         Type   Attr      Idx    E Section Name        Object

    0x20000000   0x00000010   Data   RW            3    .data               main.o
    0x20000010   0x00000014   Data   RW          125    .data               system_stm32f10x.o
    0x20000024   0x00000001   Data   RW          155    .data               key.o
    0x20000025   0x000000a2   Data   RW          168    .data               gprs.o
    0x200000c7   0x00000001   PAD
    0x200000c8   0x00000008   Data   RW          216    .data               speedsense.o
    0x200000d0   0x0000002f   Data   RW          232    .data               sim900sms.o
    0x200000ff   0x00000001   PAD
    0x20000100   0x00000004   Data   RW          251    .data               delay.o
    0x20000104   0x0000000b   Data   RW          278    .data               usart.o
    0x2000010f   0x00000014   Data   RW          331    .data               stm32f10x_rcc.o
    0x20000123   0x00000005   PAD
    0x20000128   0x0000003c   Zero   RW            2    .bss                main.o
    0x20000164   0x0000000a   Zero   RW          215    .bss                speedsense.o
    0x2000016e   0x00000064   Zero   RW          277    .bss                usart.o
    0x200001d2   0x00000002   PAD
    0x200001d4   0x00000060   Zero   RW          526    .bss                c_w.l(libspace.o)
    0x20000234   0x00000004   PAD
    0x20000238   0x00000200   Zero   RW          312    HEAP                startup_stm32f10x_hd.o
    0x20000438   0x00000400   Zero   RW          311    STACK               startup_stm32f10x_hd.o


==============================================================================

Image component sizes


      Code (inc. data)   RO Data    RW Data    ZI Data      Debug   Object Name

         0          0          0          0          0         32   core_cm3.o
       212         18          0          4          0       1079   delay.o
       568        146          0        162          0       3529   gprs.o
       252         16          0          1          0        860   key.o
       268         26          0          0          0       1151   led.o
       632         42          0         16         60     257193   main.o
       220         22          0          0          0       1865   misc.o
       252         20          0          0          0        990   motor.o
       760        174          0         47          0       3631   sim900sms.o
       392         34          0          8         10       1617   speedsense.o
        64         26        304          0       1536        836   startup_stm32f10x_hd.o
       860         38          0          0          0       5709   stm32f10x_gpio.o
        26          0          0          0          0       1214   stm32f10x_it.o
       932         36          0         20          0       8912   stm32f10x_rcc.o
      3610         88          0          0          0      22192   stm32f10x_tim.o
      1032         22          0          0          0       8436   stm32f10x_usart.o
        12          0          0          0          0        485   sys.o
       480         38          0         20          0       1839   system_stm32f10x.o
       988         68          0         11        100       4382   usart.o

    ----------------------------------------------------------------------
     11562        814        336        292       1712     325952   Object Totals
         0          0         32          0          0          0   (incl. Generated)
         2          0          0          3          6          0   (incl. Padding)

    ----------------------------------------------------------------------

      Code (inc. data)   RO Data    RW Data    ZI Data      Debug   Library Member Name

         8          0          0          0          0         68   __main.o
       104          0          0          0          0         84   __printf.o
        52          8          0          0          0          0   __scatter.o
        26          0          0          0          0          0   __scatter_copy.o
        28          0          0          0          0          0   __scatter_zi.o
        44          0          0          0          0        108   _printf_char.o
        48          6          0          0          0         96   _printf_char_common.o
        36          4          0          0          0         80   _printf_char_file.o
         6          0          0          0          0          0   _printf_d.o
       116         16          0          0          0         92   _printf_dec.o
        88          4         40          0          0         88   _printf_hex_int.o
       178          0          0          0          0         88   _printf_intcommon.o
         0          0          0          0          0          0   _printf_percent.o
         4          0          0          0          0          0   _printf_percent_end.o
         6          0          0          0          0          0   _printf_s.o
        82          0          0          0          0         80   _printf_str.o
         6          0          0          0          0          0   _printf_x.o
        12          0          0          0          0         72   exit.o
         8          0          0          0          0         68   ferror.o
         6          0          0          0          0        152   heapauxi.o
         2          0          0          0          0          0   libinit.o
         2          0          0          0          0          0   libinit2.o
         2          0          0          0          0          0   libshutdown.o
         2          0          0          0          0          0   libshutdown2.o
         8          4          0          0         96         68   libspace.o
        24          4          0          0          0         84   noretval__2printf.o
        78          0          0          0          0         80   rt_memclr_w.o
         0          0          0          0          0          0   rtentry.o
        12          0          0          0          0          0   rtentry2.o
         6          0          0          0          0          0   rtentry4.o
         2          0          0          0          0          0   rtexit.o
        10          0          0          0          0          0   rtexit2.o
        36          0          0          0          0         80   strstr.o
        74          0          0          0          0         80   sys_stackheap_outer.o
         2          0          0          0          0         68   use_no_semi.o
         2          0          0          0          0         68   use_no_semi_2.o
       688        140          0          0          0        208   ddiv.o
        94          4          0          0          0         92   dfix.o
        38          0          0          0          0         68   dflt_clz.o
       340         12          0          0          0        104   dmul.o
       156          4          0          0          0         92   dnaninf.o
        12          0          0          0          0         68   dretinf.o
        86          4          0          0          0         84   f2d.o
       140          4          0          0          0         84   fnaninf.o
         0          0          0          0          0          0   usenofp.o

    ----------------------------------------------------------------------
      2680        214         42          0        100       2404   Library Totals
         6          0          2          0          4          0   (incl. Padding)

    ----------------------------------------------------------------------

      Code (inc. data)   RO Data    RW Data    ZI Data      Debug   Library Name

      1120         46         40          0         96       1604   c_w.l
      1554        168          0          0          0        800   fz_ws.l

    ----------------------------------------------------------------------
      2680        214         42          0        100       2404   Library Totals

    ----------------------------------------------------------------------

==============================================================================


      Code (inc. data)   RO Data    RW Data    ZI Data      Debug   

     14242       1028        378        292       1812     325804   Grand Totals
     14242       1028        378        292       1812     325804   ELF Image Totals
     14242       1028        378        292          0          0   ROM Totals

==============================================================================

    Total RO  Size (Code + RO Data)                14620 (  14.28kB)
    Total RW  Size (RW Data + ZI Data)              2104 (   2.05kB)
    Total ROM Size (Code + RO Data + RW Data)      14912 (  14.56kB)

==============================================================================

